https://qiita.com/SwitchBlade/items/5d5bc645822229ee0ed9


git clone https://github.com/WongKinYiu/yolov7.git

miyakz@lily2:~$ ubuntu-drivers devices
WARNING:root:_pkg_get_support nvidia-driver-390: package has invalid Support Legacyheader, cannot determine support level
== /sys/devices/pci0000:00/0000:00:03.1/0000:07:00.0 ==
modalias : pci:v000010DEd0000128Bsv000019DAsd00001422bc03sc00i00
vendor   : NVIDIA Corporation
model    : GK208B [GeForce GT 710]
driver   : nvidia-driver-470-server - distro non-free
driver   : nvidia-driver-418-server - distro non-free
driver   : nvidia-driver-470 - distro non-free recommended
driver   : nvidia-driver-390 - distro non-free
driver   : nvidia-driver-450-server - distro non-free
driver   : xserver-xorg-video-nouveau - distro free builtin

miyakz@lily2:~$ 

a@ai03:~$ sudo apt install -y --no-install-recommends nvidia-driver-460

ã“ã®å¾Œã€æ–°ã—ã„ã‚«ãƒ¼ãƒãƒ«ãŒå‡ºæ¥ãŸæ§˜å­ãªã®ã§ã€ai03ã‚’ãƒªãƒ–ãƒ¼ãƒˆ

00:01.0 VGA compatible controller: Red Hat, Inc. QXL paravirtual graphic card (r
ev 04)
ã‘ã©ã‚‚ã€ï¼¶ï¼­ã‹ã‚‰ã¯ã“ã‚“ãªã‚°ãƒ©ãƒ•ã‚£ãƒƒã‚¯ã‚«ãƒ¼ãƒ‰ãŒè¦‹ãˆã‚‹ã‘ã©è‰¯ã„ã®ã‹ãªï¼Ÿ
ã¨ã‚Šã‚ãˆãšã€ï¼£ï¼µï¼¤ï¼¡å…¥ã‚Œã¦ã¿ã‚‹ã€‚

https://developer.nvidia.com/cuda-downloads?target_os=Linux&target_arch=x86_64&Distribution=Ubuntu&target_version=20.04&target_type=deb_network

æ¡ˆå†…ã©ãŠã‚Šã«å…¥ã‚Œã¦
wget https://developer.download.nvidia.com/compute/cuda/repos/ubuntu2004/x86_64/cuda-keyring_1.0-1_all.deb
sudo dpkg -i cuda-keyring_1.0-1_all.deb
sudo apt-get update
sudo apt-get -y install cuda



a@ai03:~$ wget https://developer.download.nvidia.com/compute/cuda/repos/ubuntu2004/x86_64/cuda-keyring_1.0-1_all.deb
--2022-10-18 15:54:22--  https://developer.download.nvidia.com/compute/cuda/repos/ubuntu2004/x86_64/cuda-keyring_1.0-1_all.deb
Resolving developer.download.nvidia.com (developer.download.nvidia.com)... 152.199.39.144
Connecting to developer.download.nvidia.com (developer.download.nvidia.com)|152.199.39.144|:443... connected.
HTTP request sent, awaiting response... 200 OK
Length: 4328 (4.2K) [application/x-deb]
Saving to: â€˜cuda-keyring_1.0-1_all.debâ€™

cuda-keyring_1.0-1_ 100%[===================>]   4.23K  --.-KB/s    in 0s      

2022-10-18 15:54:22 (311 MB/s) - â€˜cuda-keyring_1.0-1_all.debâ€™ saved [4328/4328]

a@ai03:~$ sudo dpkg -i cuda-keyring_1.0-1_all.deb
Selecting previously unselected package cuda-keyring.
(Reading database ... 72918 files and directories currently installed.)
Preparing to unpack cuda-keyring_1.0-1_all.deb ...
Unpacking cuda-keyring (1.0-1) ...
Setting up cuda-keyring (1.0-1) ...
a@ai03:~$ 
a@ai03:~$ ls
cuda-keyring_1.0-1_all.deb  ml_study  token
a@ai03:~$ du -m cuda-keyring_1.0-1_all.deb 
1	cuda-keyring_1.0-1_all.deb
a@ai03:~$ sudo apt-get update
Get:1 https://developer.download.nvidia.com/compute/cuda/repos/ubuntu2004/x86_64  InRelease [1,581 B]
Get:2 https://developer.download.nvidia.com/compute/cuda/repos/ubuntu2004/x86_64  Packages [705 kB]
Hit:3 http://jp.archive.ubuntu.com/ubuntu focal InRelease          
Hit:4 http://jp.archive.ubuntu.com/ubuntu focal-updates InRelease
Hit:5 http://jp.archive.ubuntu.com/ubuntu focal-backports InRelease
Hit:6 http://jp.archive.ubuntu.com/ubuntu focal-security InRelease
Fetched 707 kB in 1s (925 kB/s)
Reading package lists... Done
a@ai03:~$ sudo apt-get -y install cuda
Reading package lists... Done
Building dependency tree       
Reading state information... Done
Some packages could not be installed. This may mean that you have
requested an impossible situation or if you are using the unstable
distribution that some required packages have not yet been created
or been moved out of Incoming.
The following information may help to resolve the situation:

The following packages have unmet dependencies:
 cuda : Depends: cuda-11-8 (>= 11.8.0) but it is not going to be installed
E: Unable to correct problems, you have held broken packages.
a@ai03:~$ 


å‰é€”å¤šé›£ãªã‚Šã€‚ã€‚ã€‚


https://zenn.dev/190ikp/articles/vagrant_libvirt_gpu
ã“ã‚Œã‚’ã‚„ã‚‹å¿…è¦ãŒã‚ã‚‹ã®ã‹ã€‚ã€‚ã€‚ï¼Ÿã‹ãªã‚Šé›£ã—ãã†ãªã‚Šã€‚
lily2ã«å½±éŸ¿ãŒã‚ã‚‹ã®ã¯å‹˜å¼ã—ã¦ã»ã—ã„ã€‚


a@ai03:~/yolov7$ python3 test.py --data data/coco.yaml --img 640 --batch 32 --conf 0.001 --iou 0.65 --device 0 --weights yolov7.pt --name yolov7_640_val --device cpu

ã¨ã‚Šã‚ãˆãšã€cpuã§ã„ã‘ãã†ã ã€‚

val: Scanning 'coco/val2017' images and labels... 4952 found, 48 missing, 0 empty, 0 corrupted: 100%|â–ˆâ–ˆâ–ˆâ–ˆâ–ˆâ–ˆâ–ˆâ–ˆâ–ˆâ–ˆâ–ˆ| 5000/5000 [00:02<00:00, 1986.01it/s]
val: New cache created: coco/val2017.cache
               Class      Images      Labels           P           R      mAP@.5  mAP@.5:.95:   0%|                           | 0/157 [00:00<?, ?it/s]/home/a/.local/lib/python3.8/site-packages/torch/functional.py:478: UserWarning: torch.meshgrid: in an upcoming release, it will be required to pass the indexing argument. (Triggered internally at  ../aten/src/ATen/native/TensorShape.cpp:2895.)
  return _VF.meshgrid(tensors, **kwargs)  # type: ignore[attr-defined]
               Class      Images      Labels           P           R      mAP@.5  mAP@.5:.95:   6%|â–ˆ                  | 9/157 [02:49<46:41, 18.93s/it]




               Class      Images      Labels           P           R      mAP@.5  mAP@.5:.95:  66%|â–ˆâ–ˆâ–ˆâ–ˆâ–ˆâ–ˆâ–ˆâ–ˆâ–ˆâ–ˆâ–ˆâ–     | 103/157 [34:40<21:18, 23.67s/it]Killed
a@ai03:~/yolov7$ 


ã‘ã©ã€killedã§æ®ºã•ã‚Œã¦ã—ã¾ã£ãŸã€‚ã©ã†ã«ã‚‚ä¸Šæ‰‹ãå‹•ä½œã—ãªã„ã­ï¼yolo7ã¯ã€‚ã€‚ã€‚

detectã£ã¦ã‚„ã¤ã¯ä¸Šæ‰‹ãå‹•ã„ãŸã€‚
a@ai03:~/yolov7$ python3 detect.py --source inference/images/horses.jpg --weights yolov7-e6e.pt --conf 0.25 --img-size 1280 --device cpu
Namespace(agnostic_nms=False, augment=False, classes=None, conf_thres=0.25, device='cpu', exist_ok=False, img_size=1280, iou_thres=0.45, name='exp', no_trace=False, nosave=False, project='runs/detect', save_conf=False, save_txt=False, source='inference/images/horses.jpg', update=False, view_img=False, weights=['yolov7-e6e.pt'])
YOLOR ğŸš€ v0.1-115-g072f76c torch 1.12.1+cu102 CPU

Downloading https://github.com/WongKinYiu/yolov7/releases/download/v0.1/yolov7-e6e.pt to yolov7-e6e.pt...
100%|â–ˆâ–ˆâ–ˆâ–ˆâ–ˆâ–ˆâ–ˆâ–ˆâ–ˆâ–ˆâ–ˆâ–ˆâ–ˆâ–ˆâ–ˆâ–ˆâ–ˆâ–ˆâ–ˆâ–ˆâ–ˆâ–ˆâ–ˆâ–ˆâ–ˆâ–ˆâ–ˆâ–ˆâ–ˆâ–ˆâ–ˆâ–ˆâ–ˆâ–ˆâ–ˆâ–ˆâ–ˆâ–ˆâ–ˆâ–ˆâ–ˆâ–ˆâ–ˆâ–ˆâ–ˆâ–ˆâ–ˆâ–ˆâ–ˆâ–ˆâ–ˆâ–ˆâ–ˆâ–ˆâ–ˆâ–ˆâ–ˆâ–ˆâ–ˆâ–ˆâ–ˆâ–ˆâ–ˆâ–ˆâ–ˆâ–ˆâ–ˆâ–ˆâ–ˆâ–ˆâ–ˆâ–ˆâ–ˆâ–ˆâ–ˆâ–ˆâ–ˆâ–ˆâ–ˆâ–ˆâ–ˆâ–ˆâ–ˆâ–ˆâ–ˆâ–ˆâ–ˆâ–ˆâ–ˆâ–ˆâ–ˆâ–ˆâ–ˆâ–ˆâ–ˆâ–ˆâ–ˆâ–ˆâ–ˆâ–ˆâ–ˆâ–ˆâ–ˆâ–ˆâ–ˆâ–ˆâ–ˆâ–ˆâ–ˆâ–ˆ| 290M/290M [00:45<00:00, 6.72MB/s]

Fusing layers... 
Model Summary: 792 layers, 151687420 parameters, 817020 gradients
 Convert model to Traced-model... 
 traced_script_module saved! 
 model is traced! 

/home/a/.local/lib/python3.8/site-packages/torch/functional.py:478: UserWarning: torch.meshgrid: in an upcoming release, it will be required to pass the indexing argument. (Triggered internally at  ../aten/src/ATen/native/TensorShape.cpp:2895.)
  return _VF.meshgrid(tensors, **kwargs)  # type: ignore[attr-defined]
5 horses, Done. (6892.7ms) Inference, (4.6ms) NMS
 The image with the result is saved in: runs/detect/exp2/horses.jpg
Done. (9.141s)
a@ai03:~/yolov7$ 

nvidia driver install 
https://qiita.com/porizou1/items/74d8264d6381ee2941bd

miyakz@lily2:~$ sudo ubuntu-drivers devices
WARNING:root:_pkg_get_support nvidia-driver-390: package has invalid Support Legacyheader, cannot determine support level
== /sys/devices/pci0000:00/0000:00:03.1/0000:07:00.0 ==
modalias : pci:v000010DEd0000128Bsv000019DAsd00001422bc03sc00i00
vendor   : NVIDIA Corporation
model    : GK208B [GeForce GT 710]
driver   : nvidia-driver-418-server - distro non-free
driver   : nvidia-driver-470-server - distro non-free
driver   : nvidia-driver-390 - distro non-free
driver   : nvidia-driver-470 - distro non-free recommended
driver   : nvidia-driver-450-server - distro non-free
driver   : xserver-xorg-video-nouveau - distro free builtin

miyakz@lily2:~$ sudo apt-get install nvidia-driver-470-server
miyakz@lily2:~$ nvidia-smi

Tue Oct 25 13:53:14 2022       
+-----------------------------------------------------------------------------+
| NVIDIA-SMI 470.141.03   Driver Version: 470.141.03   CUDA Version: 11.4     |
|-------------------------------+----------------------+----------------------+
| GPU  Name        Persistence-M| Bus-Id        Disp.A | Volatile Uncorr. ECC |
| Fan  Temp  Perf  Pwr:Usage/Cap|         Memory-Usage | GPU-Util  Compute M. |
|                               |                      |               MIG M. |
|===============================+======================+======================|
|   0  NVIDIA GeForce ...  Off  | 00000000:07:00.0 N/A |                  N/A |
| 40%   33C    P8    N/A /  N/A |     13MiB /  2000MiB |     N/A      Default |
|                               |                      |                  N/A |
+-------------------------------+----------------------+----------------------+
                                                                               
+-----------------------------------------------------------------------------+
| Processes:                                                                  |
|  GPU   GI   CI        PID   Type   Process name                  GPU Memory |
|        ID   ID                                                   Usage      |
|=============================================================================|
|  No running processes found                                                 |
+-----------------------------------------------------------------------------+
miyakz@lily2:~$ 

$ wget https://developer.download.nvidia.com/compute/cuda/repos/ubuntu2004/x86_64/cuda-ubuntu2004.pin
$ sudo mv cuda-ubuntu2004.pin /etc/apt/preferences.d/cuda-repository-pin-600
$ sudo apt-key adv --fetch-keys https://developer.download.nvidia.com/compute/cuda/repos/ubuntu2004/x86_64/7fa2af80.pub
$ sudo add-apt-repository "deb https://developer.download.nvidia.com/compute/cuda/repos/ubuntu2004/x86_64/ /"
$ sudo apt-get update
$ sudo apt-get -y install cuda


https://qiita.com/hnw/items/daaf11412295366436b8
miyakz@lily2:~/gpu_cuda$ sudo apt-key list
/etc/apt/trusted.gpg
--------------------
pub   rsa2048 2018-04-01 [SCE] [expired: 2021-03-31]
      54A6 47F9 048D 5688 D7DA  2ABE 6A03 0B21 BA07 F4FB
uid           [ expired] Google Cloud Packages Automatic Signing Key <gc-team@google.com>

pub   rsa4096 2016-04-12 [SC]
      EB4C 1BFD 4F04 2F6D DDCC  EC91 7721 F63B D38B 4796
uid           [ unknown] Google Inc. (Linux Packages Signing Authority) <linux-packages-keymaster@google.com>

pub   rsa4096 2016-06-24 [SC]
      AE09 FE4B BD22 3A84 B2CC  FCE3 F60F 4B3D 7FA2 AF80
uid           [ unknown] cudatools <cudatools@nvidia.com>

/etc/apt/trusted.gpg.d/ubuntu-keyring-2012-archive.gpg
------------------------------------------------------
pub   rsa4096 2012-05-11 [SC]
      790B C727 7767 219C 42C8  6F93 3B4F E6AC C0B2 1F32
uid           [ unknown] Ubuntu Archive Automatic Signing Key (2012) <ftpmaster@ubuntu.com>

/etc/apt/trusted.gpg.d/ubuntu-keyring-2012-cdimage.gpg
------------------------------------------------------
pub   rsa4096 2012-05-11 [SC]
      8439 38DF 228D 22F7 B374  2BC0 D94A A3F0 EFE2 1092
uid           [ unknown] Ubuntu CD Image Automatic Signing Key (2012) <cdimage@ubuntu.com>

/etc/apt/trusted.gpg.d/ubuntu-keyring-2018-archive.gpg
------------------------------------------------------
pub   rsa4096 2018-09-17 [SC]
      F6EC B376 2474 EDA9 D21B  7022 8719 20D1 991B C93C
uid           [ unknown] Ubuntu Archive Automatic Signing Key (2018) <ftpmaster@ubuntu.com>

miyakz@lily2:~/gpu_cuda$ sudo apt-key del 7FA2AF80
OK
miyakz@lily2:~/gpu_cuda$ sudo apt-key list
/etc/apt/trusted.gpg
--------------------
pub   rsa2048 2018-04-01 [SCE] [expired: 2021-03-31]
      54A6 47F9 048D 5688 D7DA  2ABE 6A03 0B21 BA07 F4FB
uid           [ expired] Google Cloud Packages Automatic Signing Key <gc-team@google.com>

pub   rsa4096 2016-04-12 [SC]
      EB4C 1BFD 4F04 2F6D DDCC  EC91 7721 F63B D38B 4796
uid           [ unknown] Google Inc. (Linux Packages Signing Authority) <linux-packages-keymaster@google.com>

/etc/apt/trusted.gpg.d/ubuntu-keyring-2012-archive.gpg
------------------------------------------------------
pub   rsa4096 2012-05-11 [SC]
      790B C727 7767 219C 42C8  6F93 3B4F E6AC C0B2 1F32
uid           [ unknown] Ubuntu Archive Automatic Signing Key (2012) <ftpmaster@ubuntu.com>

/etc/apt/trusted.gpg.d/ubuntu-keyring-2012-cdimage.gpg
------------------------------------------------------
pub   rsa4096 2012-05-11 [SC]
      8439 38DF 228D 22F7 B374  2BC0 D94A A3F0 EFE2 1092
uid           [ unknown] Ubuntu CD Image Automatic Signing Key (2012) <cdimage@ubuntu.com>

/etc/apt/trusted.gpg.d/ubuntu-keyring-2018-archive.gpg
------------------------------------------------------
pub   rsa4096 2018-09-17 [SC]
      F6EC B376 2474 EDA9 D21B  7022 8719 20D1 991B C93C
uid           [ unknown] Ubuntu Archive Automatic Signing Key (2018) <ftpmaster@ubuntu.com>

miyakz@lily2:~/gpu_cuda$ 


https://hibiki-press.tech/dev-env/ubuntu/add-ppa/4640
miyakz@lily2:~/gpu_cuda$ sudo add-apt-repository --remove "deb https://developer.download.nvidia.com/compute/cuda/repos/ubuntu2004/x86_64/ /"
miyakz@lily2:~/gpu_cuda$ 

miyakz@lily2:~/gpu_cuda$ sudo apt-get update
Hit:1 http://jp.archive.ubuntu.com/ubuntu focal InRelease
Hit:2 http://jp.archive.ubuntu.com/ubuntu focal-updates InRelease
Hit:3 http://jp.archive.ubuntu.com/ubuntu focal-backports InRelease
Hit:4 http://jp.archive.ubuntu.com/ubuntu focal-security InRelease
Get:5 http://dl.google.com/linux/chrome/deb stable InRelease [1,811 B]
Err:5 http://dl.google.com/linux/chrome/deb stable InRelease           
  The following signatures couldn't be verified because the public key is not available: NO_PUBKEY 4EB27DB2A3B88B8B
Get:6 https://packages.cloud.google.com/apt kubernetes-xenial InRelease [9,383 B]
Err:6 https://packages.cloud.google.com/apt kubernetes-xenial InRelease
  The following signatures couldn't be verified because the public key is not available: NO_PUBKEY FEEA9169307EA071 NO_PUBKEY 8B57C5C2836F4BEB
Reading package lists... Done
W: An error occurred during the signature verification. The repository is not updated and the previous index files will be used. GPG error: http://dl.google.com/linux/chrome/deb stable InRelease: The following signatures couldn't be verified because the public key is not available: NO_PUBKEY 4EB27DB2A3B88B8B
W: An error occurred during the signature verification. The repository is not updated and the previous index files will be used. GPG error: https://packages.cloud.google.com/apt kubernetes-xenial InRelease: The following signatures couldn't be verified because the public key is not available: NO_PUBKEY FEEA9169307EA071 NO_PUBKEY 8B57C5C2836F4BEB
W: Failed to fetch http://dl.google.com/linux/chrome/deb/dists/stable/InRelease  The following signatures couldn't be verified because the public key is not available: NO_PUBKEY 4EB27DB2A3B88B8B
W: Failed to fetch https://apt.kubernetes.io/dists/kubernetes-xenial/InRelease  The following signatures couldn't be verified because the public key is not available: NO_PUBKEY FEEA9169307EA071 NO_PUBKEY 8B57C5C2836F4BEB
W: Some index files failed to download. They have been ignored, or old ones used instead.
miyakz@lily2:~/gpu_cuda$ 

ã‚€ãƒ¼ã€‚
ãƒ¬ãƒã‚¸ãƒˆãƒªãŒå£Šã‚Œã¦ã—ã¾ã£ãŸã€‚ã„ã¤ã€ä½•ãŒåŸå› ã§å£Šã‚ŒãŸã‹ã‚ã‹ã‚‰ãªã„ã‘ã©ã€ã¨ã«ã‹ãå¾©æ—§ã—ãŸã„ï¼


miyakz@lily2:~/gpu_cuda$ sudo apt clean
miyakz@lily2:~/gpu_cuda$ sudo apt autoclean
Reading package lists... Done
Building dependency tree       
Reading state information... Done
miyakz@lily2:~/gpu_cuda$ sudo apt autoremove
Reading package lists... Done
Building dependency tree       
Reading state information... Done
0 upgraded, 0 newly installed, 0 to remove and 242 not upgraded.
miyakz@lily2:~/gpu_cuda$ sudo apt-get update
Hit:1 http://jp.archive.ubuntu.com/ubuntu focal InRelease
Hit:2 http://jp.archive.ubuntu.com/ubuntu focal-updates InRelease                      
Hit:3 http://jp.archive.ubuntu.com/ubuntu focal-backports InRelease                    
Hit:4 http://jp.archive.ubuntu.com/ubuntu focal-security InRelease            
Get:5 http://dl.google.com/linux/chrome/deb stable InRelease [1,811 B]
Get:6 https://packages.cloud.google.com/apt kubernetes-xenial InRelease [9,383 B]
Err:5 http://dl.google.com/linux/chrome/deb stable InRelease
  The following signatures couldn't be verified because the public key is not available: NO_PUBKEY 4EB27DB2A3B88B8B
Err:6 https://packages.cloud.google.com/apt kubernetes-xenial InRelease
  The following signatures couldn't be verified because the public key is not available: NO_PUBKEY FEEA9169307EA071 NO_PUBKEY 8B57C5C2836F4BEB
Fetched 11.2 kB in 1s (20.8 kB/s)
Reading package lists... Done
W: An error occurred during the signature verification. The repository is not updated and the previous index files will be used. GPG error: http://dl.google.com/linux/chrome/deb stable InRelease: The following signatures couldn't be verified because the public key is not available: NO_PUBKEY 4EB27DB2A3B88B8B
W: An error occurred during the signature verification. The repository is not updated and the previous index files will be used. GPG error: https://packages.cloud.google.com/apt kubernetes-xenial InRelease: The following signatures couldn't be verified because the public key is not available: NO_PUBKEY FEEA9169307EA071 NO_PUBKEY 8B57C5C2836F4BEB
W: Failed to fetch http://dl.google.com/linux/chrome/deb/dists/stable/InRelease  The following signatures couldn't be verified because the public key is not available: NO_PUBKEY 4EB27DB2A3B88B8B
W: Failed to fetch https://apt.kubernetes.io/dists/kubernetes-xenial/InRelease  The following signatures couldn't be verified because the public key is not available: NO_PUBKEY FEEA9169307EA071 NO_PUBKEY 8B57C5C2836F4BEB
W: Some index files failed to download. They have been ignored, or old ones used instead.
miyakz@lily2:~/gpu_cuda$ 

ã ã‚ã€‚

ä»¥ä¸‹ã®ï¼µï¼²ï¼¬ã®æ‰‹é †ã‚’ã‚„ã£ã¦ã¿ã‚‹

https://linuxhint.com/fix-broken-ubuntu-without-reinstalling/

miyakz@lily2:~/gpu_cuda$ sudo apt update 
Hit:1 http://jp.archive.ubuntu.com/ubuntu focal InRelease
Hit:2 http://jp.archive.ubuntu.com/ubuntu focal-updates InRelease
Hit:3 http://jp.archive.ubuntu.com/ubuntu focal-backports InRelease           
Hit:4 http://jp.archive.ubuntu.com/ubuntu focal-security InRelease            
Hit:5 http://dl.google.com/linux/chrome/deb stable InRelease
Get:6 https://packages.cloud.google.com/apt kubernetes-xenial InRelease [9,383 B]
Err:6 https://packages.cloud.google.com/apt kubernetes-xenial InRelease
  The following signatures couldn't be verified because the public key is not available: NO_PUBKEY FEEA9169307EA071 NO_PUBKEY 8B57C5C2836F4BEB
Fetched 9,383 B in 1s (10.6 kB/s)
Reading package lists... Done
Building dependency tree       
Reading state information... Done
1 package can be upgraded. Run 'apt list --upgradable' to see it.
W: An error occurred during the signature verification. The repository is not updated and the previous index files will be used. GPG error: https://packages.cloud.google.com/apt kubernetes-xenial InRelease: The following signatures couldn't be verified because the public key is not available: NO_PUBKEY FEEA9169307EA071 NO_PUBKEY 8B57C5C2836F4BEB
W: Failed to fetch https://apt.kubernetes.io/dists/kubernetes-xenial/InRelease  The following signatures couldn't be verified because the public key is not available: NO_PUBKEY FEEA9169307EA071 NO_PUBKEY 8B57C5C2836F4BEB
W: Some index files failed to download. They have been ignored, or old ones used instead.
miyakz@lily2:~/gpu_cuda$ 

ã‚¨ãƒ©ãƒ¼ã¯æ¸›ã£ãŸæ°—ãŒã™ã‚‹ã€‚
è©¦ã—ã«å†èµ·å‹•ã€‚

miyakz@lily2:~$ cd /etc/apt/sources.list.d
miyakz@lily2:/etc/apt/sources.list.d$ ls
google-chrome.list  google-chrome.list.save  kubernetes.list  kubernetes.list.save
miyakz@lily2:/etc/apt/sources.list.d$ less kubernetes.list
miyakz@lily2:/etc/apt/sources.list.d$ cat kubernetes.list
deb https://apt.kubernetes.io/ kubernetes-xenial main
miyakz@lily2:/etc/apt/sources.list.d$ cat kubernetes.list.save 
deb https://apt.kubernetes.io/ kubernetes-xenial main
miyakz@lily2:/etc/apt/sources.list.d$ sudo rm kubernetes.list kubernetes.list.save 
miyakz@lily2:/etc/apt/sources.list.d$ 

miyakz@lily2:/etc/apt/sources.list.d$ sudo apt update 
Hit:1 http://jp.archive.ubuntu.com/ubuntu focal InRelease
Hit:2 http://jp.archive.ubuntu.com/ubuntu focal-updates InRelease
Hit:3 http://jp.archive.ubuntu.com/ubuntu focal-backports InRelease
Hit:4 http://jp.archive.ubuntu.com/ubuntu focal-security InRelease
Hit:5 http://dl.google.com/linux/chrome/deb stable InRelease
Reading package lists... Done
Building dependency tree       
Reading state information... Done
1 package can be upgraded. Run 'apt list --upgradable' to see it.
miyakz@lily2:/etc/apt/sources.list.d$ apt list --upgradable
Listing... Done
google-chrome-stable/stable 106.0.5249.119-1 amd64 [upgradable from: 101.0.4951.64-1]
N: There is 1 additional version. Please use the '-a' switch to see it
miyakz@lily2:/etc/apt/sources.list.d$ 

OKã‚„ã£ã¨æ²»ã£ãŸã€‚
ãˆã¨ã€ãªã«ã‚„ã£ã¦ã„ãŸã‚“ã ã£ã‘ã€‚ã€‚ã€‚

ãã†ã ã€GPUãƒ‰ãƒ©ã‚¤ãƒã‚’ã‚¤ãƒ³ã‚¹ãƒˆãƒ¼ãƒ«ã—ãŸã‚ã¨ã€CUDAã‚’ã‚¤ãƒ³ã‚¹ãƒˆãƒ¼ãƒ«ã—ã‚ˆã†ã¨ã—ãŸã®ã ã‘ã©ã€
ãã®æ™‚ã«ãƒ¬ãƒã‚¸ãƒˆãƒªãŒå£Šã‚ŒãŸã®ã§ä¿®ç†ã€‚çµå±€ä»¥ä¸‹ã§ã‚¤ãƒ³ã‚¹ãƒˆãƒ¼ãƒ«ã§ãã‚‹ï¼Ÿ

https://linuxconfig.org/how-to-install-cuda-on-ubuntu-20-04-focal-fossa-linux
$ sudo apt install nvidia-cuda-toolkit

miyakz@lily2:/etc/apt/sources.list.d$ nvcc --version
nvcc: NVIDIA (R) Cuda compiler driver
Copyright (c) 2005-2019 NVIDIA Corporation
Built on Sun_Jul_28_19:07:16_PDT_2019
Cuda compilation tools, release 10.1, V10.1.243
miyakz@lily2:/etc/apt/sources.list.d$ 

ã‚ã¨ã¯ã€ãªã‚“ã ã‚ã†ï¼Ÿ
ã„ã¾ã¾ã§ã€lily2ã«ã‚„ã£ã¦ããŸã‘ã©ã€å®Ÿã¯ã€ã“ã®æ“ä½œã ã‘ãŒæ„å‘³ãŒã‚ã£ãŸï¼Ÿ

virt-managerã‹ã‚‰ai03ã‚’ã‚¯ãƒªãƒƒã‚¯ã—ã¦ã€add new hardwareã§host deviceã§NVIDIAã® GeForce GT710ã‚’é¸æŠã™ã‚‹ã€‚
https://tech.virtualtech.jp/entry/2017/12/25/150343

ãŸã ã—ã€ãã†ã™ã‚‹ã¨ã€ãªãœã‹ã€libvertdãŒãƒãƒ³ã‚°ï¼Ÿã—ãŸã‚ˆã†ãªæ„Ÿã˜ã§ã€virt-managerãŒãšã£ã¨Connectingã®ã¾ã¾ã«ãªã£ãŸã€‚
ã‚„ã‚€ãªãã€lily2ã‚’å†èµ·å‹•ã€‚å…ˆã»ã©ã¯ã€ai03ãŒèµ·å‹•ã—ãŸã¾ã¾ã ã£ãŸã®ã§ã€ai03ã‚’åœæ­¢ã—ãŸçŠ¶æ…‹ã§ãƒªãƒˆãƒ©ã‚¤ã—ã¦ã¿ã‚‹ã€‚


ã‚ã£ã•ã‚ŠæˆåŠŸã€‚

ã—ã‹ã—ã€ai03ã®èµ·å‹•ãŒå‡ºæ¥ãªã„äº‹æ…‹ã«ã€‚ã€‚ã€‚

miyakz@lily2:~$ virsh start ai03


ã“ã“ã§ãƒãƒ³ã‚°ã€‚ã‚„ã‚€ãªãã€å†åº¦lily2ã‚’å†èµ·å‹•ã™ã‚‹ã€‚

miyakz@lily2:~$ virsh list



ã“ã“ã§virsh listãŒå¸°ã£ã¦ã“ãªã„ï¼å‚ã£ãŸã€‚
ä»Šåº¦ã¯KVM(libvertd)ãŒå£Šã‚Œã¦ã—ã¾ã£ãŸã€‚ã€‚ã€‚

https://blog.kgwr.net/ryzen7-server-setup-05/

ä¸Šã®ï¼µï¼²ï¼¬ã®ã‚ˆã†ãªæ–¹æ³•ã§å®Ÿæ–½ã™ã‚‹å¿…è¦ãŒã‚ã£ãŸã®ã‹ï¼Ÿ

miyakz@lily2:~/vms$ sudo cat /var/log/libvirt/qemu/ai03.log
(snip)
-sandbox on,obsolete=deny,elevateprivileges=deny,spawn=deny,resourcecontrol=deny \
-msg timestamp=on
libvirt:  error : libvirtd quit during handshake: Input/output error
2022-10-25 14:59:13.198+0000: shutting down, reason=failed
miyakz@lily2:~/vms$ 

libvertdã¯ãƒ—ãƒ­ã‚»ã‚¹ã¯å­˜åœ¨ã—ã¦ã„ã‚‹ã‘ã©ã€straceä»•æ›ã‘ã¦ã¿ã‚‹ã¨ã€ç‰¹ã«å‡¦ç†ã¯è¡Œã‚ã‚Œã¦ã„ãªã„æ§˜å­ãªæ„Ÿã˜ã€‚

ai03ã®ä»¥ä¸‹ã®éƒ¨åˆ†ã‚’æ¶ˆå»ã—ã¦ã€ã‚·ã‚¹ãƒ†ãƒ ã‚’å†èµ·å‹•ã—ã¦ã¿ã‚‹ã€‚ã€‚ã€‚

    <hostdev mode='subsystem' type='pci' managed='yes'>
      <source>
        <address domain='0x0000' bus='0x07' slot='0x00' function='0x0'/>
      </source>
      <address type='pci' domain='0x0000' bus='0x07' slot='0x00' function='0x0'/>
    </hostdev>

virsh listãŒã¡ã‚ƒã‚“ã¨å¸°ã£ã¦ããŸã€‚
ã£ã¦ã“ã¨ã¯ã€å¤šåˆ†ã€ä¸Šè¨˜ã®è¨­å®šãŒã‚„ã°ã„ã€‚

ã£ã¦ã“ã¨ã§ã€è©¦ã—ã«ä»¥ä¸‹ã®ã‚µã‚¤ãƒˆã‚’å‚ç…§ã«ã—ãªãŒã‚‰ã‚„ã£ã¦ã¿ã‚‹ã“ã¨ã«ã—ãŸã€‚
https://m0rter.anyfrog.net/2020/219/


1) ã¾ãšã€lily2ã«ã¯VFIOãŒã‚¤ãƒ³ã‚¹ãƒˆãƒ¼ãƒ«ã•ã‚Œã¦ã„ã‚‹æ§˜å­ã€‚

miyakz@lily2:~$  dmesg | grep -i vfio
[    2.561024] VFIO - User Level meta-driver version: 0.3
miyakz@lily2:~$ 

2)ã€€æ¬¡ã«ãƒ‡ãƒã‚¤ã‚¹ã®ç¢ºèª
miyakz@lily2:~$ lspci -nn | grep -i nvidia
07:00.0 VGA compatible controller [0300]: NVIDIA Corporation GK208B [GeForce GT 710] [10de:128b] (rev a1)
07:00.1 Audio device [0403]: NVIDIA Corporation GK208 HDMI/DP Audio Controller [10de:0e0f] (rev a1)
miyakz@lily2:~$ 

3) vfioã®è¨­å®šã€‚
 vi /etc/modprobe.d/vfio.conf

ã©ã†ã‚‚ã€ã‚°ãƒ©ãƒ•ã‚£ãƒƒã‚¯ã‚«ãƒ¼ãƒ‰ã¨audioã‚’è¨­å®šã™ã‚‹ã‚‰ã—ã„ã€‚
miyakz@lily2:~$ cat /etc/modprobe.d/vfio.conf
options vfio-pci ids=10de:128b,10de:0e0f
miyakz@lily2:~$ 

4)ã€€ã“ã“ã§ä¸€å›lily2ã‚’å†èµ·å‹•ã€‚ã€‚ã€‚

[    3.162313] VFIO - User Level meta-driver version: 0.3

miyakz@lily2:~$ lsmod |grep vfio
miyakz@lily2:~$ 

ã‚“ï¼Ÿèª­ã¿è¾¼ã¾ã‚Œã¦ã„ã¾ã›ã‚“ï¼Ÿ

5) ãƒ¢ã‚¸ãƒ¥ãƒ¼ãƒ«ã‚’æŒ‡å®š
ä»¥ä¸‹ã®ï¼µï¼²ï¼¬ã‚’å‚ç…§

https://blog.kgwr.net/ryzen7-server-setup-05/

miyakz@lily2:~$ cat /etc/modules
# /etc/modules: kernel modules to load at boot time.
#
# This file contains the names of kernel modules that should be loaded
# at boot time, one per line. Lines beginning with "#" are ignored.
vfio
vfio_iommu_type1
vfio_pci
vfio_virqfd
kvm
kvm_amd

miyakz@lily2:~$ 

6) lily2ã‚’å†èµ·å‹•

miyakz@lily2:~$ lsmod |grep vfio
miyakz@lily2:~$ 

ã—ã‹ã—ã€èª­ã¿è¾¼ã¾ã‚Œãšã€‚ã€‚ã€‚

miyakz@lily2:~$ lspci -nnk -d 10de:128b
07:00.0 VGA compatible controller [0300]: NVIDIA Corporation GK208B [GeForce GT 710] [10de:128b] (rev a1)
  Subsystem: ZOTAC International (MCO) Ltd. GK208B [GeForce GT 710] [19da:1422]
  Kernel driver in use: nvidia
  Kernel modules: nvidiafb, nouveau, nvidia_drm, nvidia
miyakz@lily2:~$ lspci -nnk -d 10de:0e0f
07:00.1 Audio device [0403]: NVIDIA Corporation GK208 HDMI/DP Audio Controller [10de:0e0f] (rev a1)
  Subsystem: ZOTAC International (MCO) Ltd. GK208 HDMI/DP Audio Controller [19da:1422]
  Kernel driver in use: snd_hda_intel
  Kernel modules: snd_hda_intel
miyakz@lily2:~$ 

ãƒ‰ãƒ©ã‚¤ãƒã‚‚å¤‰æ›´ã•ã‚Œã¦ã„ãªã„æ§˜å­ãªã®ã§ã€ã©ã†ã‚‚ã¡ã‚ƒã‚“ã¨ã‚·ã‚¹ãƒ†ãƒ ã«vfioãŒå…¥ã£ã¦ã„ãªã„ï¼Ÿï¼Ÿ

èµ·å‹•æ™‚ã«ãƒ‘ãƒ©ãƒ¡ãƒ¼ã‚¿ã‚’æ¸¡ã™æ–¹æ³•ã€‚
https://mathiashueber.com/pci-passthrough-ubuntu-2004-virtual-machine/

/etc/default/grub
GRUB_CMDLINE_LINUX_DEFAULT="amd_iommu=on iommu=pt kvm.ignore_msrs=1 vfio-pci.ids=10de:1b83,10de:10f0"
ã“ã®å¾Œã€updategrub


https://bananaapple.tw/blog/kvm-gpu-passthrough-ubuntu-20-04/
ã“ã®ãƒšãƒ¼ã‚¸ã‚‚ã‚ã‹ã‚Šæ˜æ—¥ã€‚


https://askubuntu.com/questions/1247058/how-do-i-confirm-that-vfio-is-working-in-20-04
ä¸Šã¯ã€ubuntu 20.04ã«ã¯ã™ã§ã«vfioãŒçµ„ã¿è¾¼ã¾ã‚Œã¦ã„ã‚‹ã‚“ã ã‚ˆã£ã¦è©±ã‚‰ã—ã„ã€‚
ã¡ã‚‡ã†ã©ç§ã¨åŒã˜å‹˜é•ã„ã‚’ã—ãŸäººã‚‰ã—ã„ã­ã€‚

ä»¥ä¸‹ã®ã‚ˆã†ã«ã—ã¦ã€ä¸Šæ‰‹ãè¨€ã£ãŸã€‚ï¼ˆåŠåˆ†ï¼‰
ã“ã®ãƒšãƒ¼ã‚¸ã®è¨˜äº‹ãŒä»Šã®æ‰€æœ‰åŠ›ã‚‰ã—ã„ï¼
https://bananaapple.tw/blog/kvm-gpu-passthrough-ubuntu-20-04/

miyakz@lily2:~$ cat  /etc/default/grub
# If you change this file, run 'update-grub' afterwards to update
# /boot/grub/grub.cfg.
# For full documentation of the options in this file, see:
#   info -f grub -n 'Simple configuration'

GRUB_DEFAULT=0
GRUB_TIMEOUT_STYLE=hidden
GRUB_TIMEOUT=0
GRUB_DISTRIBUTOR=`lsb_release -i -s 2> /dev/null || echo Debian`
#GRUB_CMDLINE_LINUX_DEFAULT=""
GRUB_CMDLINE_LINUX_DEFAULT="vfio-pci.ids=10de:128b,10de:0e0f"
GRUB_CMDLINE_LINUX=""

# Uncomment to enable BadRAM filtering, modify to suit your needs
# This works with Linux (no patch required) and with any kernel that obtains
# the memory map information from GRUB (GNU Mach, kernel of FreeBSD ...)
#GRUB_BADRAM="0x01234567,0xfefefefe,0x89abcdef,0xefefefef"

# Uncomment to disable graphical terminal (grub-pc only)
#GRUB_TERMINAL=console

# The resolution used on graphical terminal
# note that you can use only modes which your graphic card supports via VBE
# you can see them in real GRUB with the command `vbeinfo'
#GRUB_GFXMODE=640x480

# Uncomment if you don't want GRUB to pass "root=UUID=xxx" parameter to Linux
#GRUB_DISABLE_LINUX_UUID=true

# Uncomment to disable generation of recovery mode menu entries
#GRUB_DISABLE_RECOVERY="true"

# Uncomment to get a beep at grub start
#GRUB_INIT_TUNE="480 440 1"
miyakz@lily2:~$ 


sudo update-grub




miyakz@lily2:~$ lspci -nnk -d 10de:128b
07:00.0 VGA compatible controller [0300]: NVIDIA Corporation GK208B [GeForce GT 710] [10de:128b] (rev a1)
  Subsystem: ZOTAC International (MCO) Ltd. GK208B [GeForce GT 710] [19da:1422]
  Kernel driver in use: vfio-pci
  Kernel modules: nvidiafb, nouveau, nvidia_drm, nvidia
miyakz@lily2:~$ lspci -nnk -d 10de:0e0f 
07:00.1 Audio device [0403]: NVIDIA Corporation GK208 HDMI/DP Audio Controller [10de:0e0f] (rev a1)
  Subsystem: ZOTAC International (MCO) Ltd. GK208 HDMI/DP Audio Controller [19da:1422]
  Kernel driver in use: vfio-pci
  Kernel modules: snd_hda_intel
miyakz@lily2:~$ 

ãŸã ã—ã€dmesgã«ä»¥ä¸‹ã®ä¸ç©ãªã‚¨ãƒ©ãƒ¼ãŒã€‚ã€‚ã€‚ä»¥ä¸‹ãŒç¹°ã‚Šè¿”ã—å‡ºåŠ›ã•ã‚Œã¦ã„ã‚‹ã€‚

[  774.127607] nvidia-nvlink: Unregistered the Nvlink Core, major device number 235
[  774.212569] nvidia-nvlink: Nvlink Core is being initialized, major device number 235
[  774.213111] NVRM: The NVIDIA probe routine was not called for 1 device(s).
[  774.213112] NVRM: This can occur when a driver such as: 
               NVRM: nouveau, rivafb, nvidiafb or rivatv 
               NVRM: was loaded and obtained ownership of the NVIDIA device(s).
[  774.213112] NVRM: Try unloading the conflicting kernel module (and/or
               NVRM: reconfigure your kernel without the conflicting
               NVRM: driver(s)), then try loading the NVIDIA kernel module
               NVRM: again.
[  774.213112] NVRM: No NVIDIA devices probed.
[  774.213286] nvidia-nvlink: Unregistered the Nvlink Core, major device number 235

miyakz@lily2:~$ sudo nvidia-smi
NVIDIA-SMI has failed because it couldn't communicate with the NVIDIA driver. Make sure that the latest NVIDIA driver is installed and running.

miyakz@lily2:~$ 

ã¨ã„ã†ã“ã¨ã§å¥ªã‚ã‚Œã¦ã„ã‚‹ã‹ã‚‰ï¼Ÿ
vmhostå´ã‹ã‚‰nvidiaã®cudaãƒ¢ã‚¸ãƒ¥ãƒ¼ãƒ«ã¨ã‹ã€ã‚¢ãƒ³ã‚¤ãƒ³ã‚¹ãƒˆãƒ¼ãƒ«ã™ã‚Œã°ã„ã„ã®ã‹ãªã€
ã‚ˆãã‚ã‹ã‚‰ãªã„ã€‚

å¤šåˆ†ã€å¼·è±ªã—ã¦ã„ã‚‹ã¨ã„ã†ã†ã“ã¨ã ã‚ã†ã€ã€‚vmhostã‹ã‚‰nvdiaã®ãƒ‰ãƒ©ã‚¤ãƒã‚’æŠœã„ã¦ã¿ã‚ˆã†ã€‚
ã»ã™ã¨ã¨ç«¶åˆã—ã¦ã„ã‚‹ã®ãŠã ã‚ã†

 1029  sudo apt remove nvidia-driver-470-server
 1030  sudo apt remove  nvidia-cuda-toolkit

å†èµ·å‹•

https://www.belbel.or.jp/opensuse-manuals_ja/app-gpu-passthru.html
A.3.3 Nouveau ãƒ‰ãƒ©ã‚¤ãƒã®ãƒ–ãƒ©ãƒƒã‚¯ãƒªã‚¹ãƒˆè¨­å®š #EDIT SOURCE
NVIDIA ã‚«ãƒ¼ãƒ‰ã‚’ VM ã‚²ã‚¹ãƒˆã«å‰²ã‚Šå½“ã¦ã‚‹ã«ã¯ã€ãƒ›ã‚¹ãƒˆå´ã® OS ã§ NVIDIA GPU å‘ã‘ã®å†…è”µãƒ‰ãƒ©ã‚¤ãƒã§ã‚ã‚‹ nouveau ã‚’èª­ã¿è¾¼ã¾ãªã„ã‚ˆã†ã«è¨­å®šã™ã‚‹å¿…è¦ãŒã‚ã‚Šã¾ã™ã€‚å…·ä½“çš„ã«ã¯ /etc/modprobe.d/60-blacklist-nouveau.conf ãƒ•ã‚¡ã‚¤ãƒ«ã‚’ä½œæˆã—ã¦ä¸‹è¨˜ã®ã‚ˆã†ãªå†…å®¹ã‚’è¨˜è¿°ã—ã¾ã™:

blacklist nouveau

â†‘ã€€ã“ã‚Œã‚„ã£ã¦ã„ãªã‹ã£ãŸãªã€‚ã€‚ã€‚
ã‚„ã£ã¦æ˜æ—¥ã®æœã‚ãŸã‚Šã«ç¢ºèªã™ã‚‹ã€‚

https://bayas.dev/blog/turn-off-nvidia-udev/
â†‘ã€€ã“ã‚Œã‚’ã‚„ã£ã¦ã„ãªã‹ã£ãŸãª

â˜…ã€€è¡Œã‘ãã†ãªã‚ªãƒšãƒ¬ãƒ¼ã‚·ãƒ§ãƒ³ã¾ã¨ã‚
1) NVIDIAã®ãƒ‰ãƒ©ã‚¤ãƒãŒå…¥ã£ã¦ã„ã‚‹çŠ¶æ…‹ã§ã€vfioã‚’è¨­å®šã™ã‚‹ã€‚

miyakz@lily2:~$ sudo ubuntu-drivers devices
WARNING:root:_pkg_get_support nvidia-driver-390: package has invalid Support Legacyheader, cannot determine support level
== /sys/devices/pci0000:00/0000:00:03.1/0000:07:00.0 ==
modalias : pci:v000010DEd0000128Bsv000019DAsd00001422bc03sc00i00
vendor   : NVIDIA Corporation
model    : GK208B [GeForce GT 710]
driver   : nvidia-driver-418-server - distro non-free
driver   : nvidia-driver-470-server - distro non-free
driver   : nvidia-driver-390 - distro non-free
driver   : nvidia-driver-470 - distro non-free recommended
driver   : nvidia-driver-450-server - distro non-free
driver   : xserver-xorg-video-nouveau - distro free builtin

miyakz@lily2:~$ sudo apt-get install nvidia-driver-470-server
miyakz@lily2:~$ nvidia-smi


1) lily2ã§NVIDIAã®ãƒ‰ãƒ©ã‚¤ãƒã‚’ã‚¢ãƒ³ã‚¤ãƒ³ã‚¹ãƒˆãƒ¼ãƒ«ã—ã¦ã€ã—ã¤ã“ãæ®‹ã£ã¦ã„ã‚‹ã€nvidiaé–¢é€£ã®ãƒ‰ãƒ©ã‚¤ãƒã‚’blacklistã«å…¥ã‚Œã‚‹ã€‚
   https://bayas.dev/blog/turn-off-nvidia-udev/

 â€»ã€€ã“ã“ã§ã€lily2ã‹ã‚‰ã¯NVIDIAã®ãƒ‡ãƒã‚¤ã‚¹ã¯è¦‹ã‚Œãªããªã‚‹ã€‚

 miyakz@lily2:~$ ubuntu-drivers devices
miyakz@lily2:~$ lspci -nnk | grep NV
miyakz@lily2:~$ 


2) VMã«ãƒ‘ã‚¹ã‚¹ãƒ«ãƒ¼ã‚’è¨­å®šã™ã‚‹ã€‚ 

miyakz@lily2:~/nvidia_gpu_exp$ virsh attach-device --domain ai03 --file a.xml 
error: Failed to attach device from a.xml
error: Device 0000:07:00.0 not found: could not access /sys/bus/pci/devices/0000:07:00.0/config: No such file or directory

miyakz@lily2:~/nvidia_gpu_exp$ ls /sys/bus/pci/devices/
0000:00:00.0  0000:00:03.1  0000:00:08.1  0000:00:18.1  0000:00:18.7  0000:03:00.0  0000:08:00.0  0000:0b:00.0
0000:00:00.2  0000:00:04.0  0000:00:08.2  0000:00:18.2  0000:01:00.0  0000:04:00.0  0000:09:00.0
0000:00:01.0  0000:00:05.0  0000:00:08.3  0000:00:18.3  0000:02:04.0  0000:04:00.1  0000:09:00.1
0000:00:01.2  0000:00:07.0  0000:00:14.0  0000:00:18.4  0000:02:08.0  0000:04:00.3  0000:09:00.3
0000:00:02.0  0000:00:07.1  0000:00:14.3  0000:00:18.5  0000:02:09.0  0000:05:00.0  0000:09:00.4
0000:00:03.0  0000:00:08.0  0000:00:18.0  0000:00:18.6  0000:02:0a.0  0000:06:00.0  0000:0a:00.0
miyakz@lily2:~/nvidia_gpu_exp$ 

ã“ã“ã§ã€å•é¡Œã€‚cliã§ã‚„ã‚ã†ã«ã‚‚virt-managerã§ã‚„ã‚ã†ã«ã‚‚ã€nvidiaã®
ãƒ‡ãƒã‚¤ã‚¹ãŒè¦‹ã‚Œãªã„ã‚ˆã†ã§ã€attachã§ããªã„ã€‚

ã£ã¦ã„ã†ã“ã¨ã§ä¸Šæ‰‹ãè¡Œããã†ã ã£ãŸã‘ã©ãƒ€ãƒ¡ãã†ã€‚

ã“ã“ã§ã€ï¼‘ã¤æ€ã£ãŸã®ã¯ã€ã¡ã‚‡ã£ã¨ã„ã‚ã„ã‚ãƒ‘ã‚¿ãƒ¼ãƒ³ã‚’è©¦ã—ã¦ã¿ã‚‹ã»ã‹ãªã„ã‹ãªï¼Ÿå°‘ãªãã¨ã‚‚ã€åˆæœŸçŠ¶æ…‹ã«æˆ»ã£ã¦ã¿ã‚‹ã€‚

1) NVIDIAãƒ•ãƒ«ã‚ã‚Šã€ã‹ã¤ã€VFIOã‚ã‚Š
/etc/default/grub
GRUB_CMDLINE_LINUX_DEFAULT="amd_iommu=on iommu=pt kvm.ignore_msrs=1 vfio-pci.ids=10de:1b83,10de:10f0"

NVIDIAãƒ•ãƒ«ã‚ã‚Šï¼
50-disable-nvidia.rulesãªã—ã€ã‹ã¤ã€blacklist.confã¯ä»¥ä¸‹ã®å†…å®¹ã€‚
#added by miyakz 
#blacklist i2c_nvidia_gpu
#blacklist nouveau
#blacklist nvidia
#blacklist nvidia-drm
#blacklist nvidia-modeset

ã“ã‚Œã ã¨ã€NVIDIAãƒ‡ãƒã‚¤ã‚¹ã¯è¦‹ãˆã‚‹ã‘ã©ã€ä¾‹ã®ã‚¨ãƒ©ãƒ¼
Oct 27 14:36:34 lily2 kernel: [ 1518.933919] NVRM: The NVIDIA probe routine was not called for 1 device(s).
Oct 27 14:36:34 lily2 kernel: [ 1518.933919] NVRM: This can occur when a driver such as: 
Oct 27 14:36:34 lily2 kernel: [ 1518.933919] NVRM: nouveau, rivafb, nvidiafb or rivatv 
Oct 27 14:36:34 lily2 kernel: [ 1518.933919] NVRM: was loaded and obtained ownership of the NVIDIA device(s).
Oct 27 14:36:34 lily2 kernel: [ 1518.933920] NVRM: Try unloading the conflicting kernel module (and/or
Oct 27 14:36:34 lily2 kernel: [ 1518.933920] NVRM: reconfigure your kernel without the conflicting
Oct 27 14:36:34 lily2 kernel: [ 1518.933920] NVRM: driver(s)), then try loading the NVIDIA kernel module
Oct 27 14:36:34 lily2 kernel: [ 1518.933920] NVRM: again.
Oct 27 14:36:34 lily2 kernel: [ 1518.933920] NVRM: No NVIDIA devices probed.

å¿…é ˆã®çŠ¶æ…‹ã¨ã—ã¦ã€NVIDIAãƒ‡ãƒã‚¤ã‚¹ãŒè¦‹ã‚Œã‚‹ã“ã¨ã ã¨æ€ã‚ã‚Œã‚‹ã€‚
ã‚„ã‚ŠãŸã„ã“ã¨ã¯ã€NVIDIAãƒ‡ãƒã‚¤ã‚¹ãŒã€ã¿ã‚Œã¦ã‹ã¤ã€ã“ã®ã‚¦ã‚¶ã‚¤ãƒ¡ãƒƒã‚»ãƒ¼ã‚¸ãŒå‡ºãªã„ã“ã¨ã€‚

The NVIDIA probe routine was not called for 1 device(s).
This can occur when a driver such as: nouveau, rivafb, nvidiafb or rivatv 
was loaded and obtained wnership of the NVIDIAã€€device(s).
Try unloading the conflicting kernel module (and/or
reconfigure your kernel without the conflicting
driver(s)), then try loading the NVIDIA kernel module again.

1 ã¤ã®ãƒ‡ãƒã‚¤ã‚¹ã«å¯¾ã—ã¦ NVIDIA ãƒ—ãƒ­ãƒ¼ãƒ– ãƒ«ãƒ¼ãƒãƒ³ãŒå‘¼ã³å‡ºã•ã‚Œã¾ã›ã‚“ã§ã—ãŸã€‚
ã“ã‚Œã¯ã€nouveauã€rivafbã€nvidiafbã€rivatv ãªã©ã®ãƒ‰ãƒ©ã‚¤ãƒãƒ¼ã§ç™ºç”Ÿã™ã‚‹å¯èƒ½æ€§ãŒã‚ã‚Šã¾ã™ã€‚
ãƒ­ãƒ¼ãƒ‰ã•ã‚Œã€NVIDIA ãƒ‡ãƒã‚¤ã‚¹ã®æ‰€æœ‰æ¨©ã‚’å–å¾—ã—ã¾ã—ãŸã€‚
ç«¶åˆã™ã‚‹ã‚«ãƒ¼ãƒãƒ«ãƒ¢ã‚¸ãƒ¥ãƒ¼ãƒ«ã‚’ã‚¢ãƒ³ãƒ­ãƒ¼ãƒ‰ã—ã¦ã¿ã¦ãã ã•ã„ï¼ˆãŠã‚ˆã³/ã¾ãŸã¯
ç«¶åˆã™ã‚‹ã“ã¨ãªãã‚«ãƒ¼ãƒãƒ«ã‚’å†æ§‹æˆã—ã¾ã™
ãƒ‰ãƒ©ã‚¤ãƒãƒ¼)ã€NVIDIA ã‚«ãƒ¼ãƒãƒ« ãƒ¢ã‚¸ãƒ¥ãƒ¼ãƒ«ã®ãƒ­ãƒ¼ãƒ‰ã‚’å†è©¦è¡Œã—ã¦ãã ã•ã„ã€‚

ã£ã¦ã‹ã€ã“ã®ãƒ—ãƒ­ãƒ¼ãƒ–ãƒ«ãƒ¼ãƒ†ã‚£ãƒ³ã‚’ç™ºè¡Œã—ã¦ã„ã‚‹ã‚„ã¤ã‚’æ­¢ã‚ã‚Œã°ã€ã“ã®ã‚¦ã‚¶ã‚¤ãƒ¡ãƒƒã‚»ãƒ¼ã‚¸ãŒæŠ‘æ­¢ã§ãã‚‹ã®ã§ã€
ç›®æ¨™ã‚’é”æˆã§ãã‚‹ã®ã§ã¯ãªã„ã‹ã€‚

vfioã¨NVIDIAãŒç«¶åˆã—ã¦ã„ã‚‹ã®ã¯é–“é•ã„ãªã„ã€‚ã‚ã¨ã¯ã€ã“ã®ãƒ—ãƒ­ãƒ¼ãƒ–ã‚’ã‚„ã£ã¦ã„ã‚‹ã®ã‚’ç‰¹å®šã™ã‚‹ã ã‘ã ã€‚
ã‚ã¨ã€nouveau.koãŒèª­ã¿è¾¼ã¾ã‚Œã¦ã„ã‚‹ãŸã‚ã ã¨ã„ã†è¨˜äº‹ã‚‚ã‚ã‚‹ã€‚ã“ã¡ã‚‰ã‚’ã‚„ã£ã¦ã¿ã‚‹ã€‚
https://github.com/probonopd/system/issues/1

GRUB_CMDLINE_LINUX_DEFAULT= set this: rdblaclist=nouveau.

ã“ã“ã‚‚å‚è€ƒã«ãªã‚‹ã‹ã‚‚ï¼Ÿ
https://linuxconfig.org/how-to-disable-blacklist-nouveau-nvidia-driver-on-ubuntu-22-04-jammy-jellyfish-linux
https://blog.epheo.eu/author/admin/
https://www.reddit.com/r/VFIO/comments/q7ddcg/cant_unload_nvidia_drivers/

2) NVIDIAãƒ•ãƒ«æœ‰ã‚Šã€ã‹ã¤ã€VFIOãªã—ã€ã‹ã¤ã€nouveau.koã‚’grubã§ç„¡åŠ¹åŒ–

â†’ã€€æ­£å¸¸ã«èµ·å‹•ã—ã¦ã€ã‚¨ãƒ©ãƒ¼ãƒ¡ãƒƒã‚»ãƒ¼ã‚¸ã‚‚ãªã—ã€‚


3) NVIDIAãƒ•ãƒ«æœ‰ã‚Šã€ã‹ã¤ã€VFIOã‚ã‚Šã€ã‹ã¤ã€nouveau.koã‚’grubã§ç„¡åŠ¹åŒ–

â†’ã€€ã‚¨ãƒ©ãƒ¼ãƒ¡ãƒƒã‚»ãƒ¼ã‚¸ãªã—ã€‚æ­£å¸¸ã«èµ·å‹•
   miyakz@lily2:~$ lspci -nnk | grep -i nvi
07:00.0 VGA compatible controller [0300]: NVIDIA Corporation GK208B [GeForce GT 710] [10de:128b] (rev a1)
  Kernel driver in use: nvidia
  Kernel modules: nvidiafb, nouveau, nvidia_drm, nvidia
07:00.1 Audio device [0403]: NVIDIA Corporation GK208 HDMI/DP Audio Controller [10de:0e0f] (rev a1)
miyakz@lily2:~$ 

ã‚“ãƒ¼ã€‚VFIOã¯æœ‰åŠ¹ã«ãªã‚‰ãšã€‚ã€‚ã€‚ã€‚
â˜…ã€€å‹˜é•ã„ï¼Ÿ

[    2.560332] VFIO - User Level meta-driver version: 0.3
[    2.562865] ehci_hcd: USB 2.0 'Enhanced' Host Controller (EHCI) Driver

ã©ã†ã‚‚è¨­å®šãŒæœ‰åŠ¹ã«ãªã£ã¦ã„ãªã„è‡­ã„ã€‚
GRUB_CMDLINE_LINUX_DEFAULT="rdblaclist=nouveau vfio-pci.ids=10de:128b,10de:0e0f"

è¨­å®šã‚’æœ‰åŠ¹å¾Œã€èµ·å‹•ã—ãŸã‚‰ã€ä¾‹ã®ã‚¨ãƒ©ãƒ¼ãƒ¡ãƒƒã‚»ãƒ¼ã‚¸ãŒå‡ºã¦ã„ã‚‹ã€‚ã€‚ã€‚

miyakz@lily2:~$ lspci -nnk | grep -i nvi
07:00.0 VGA compatible controller [0300]: NVIDIA Corporation GK208B [GeForce GT 710] [10de:128b] (rev a1)
  Kernel modules: nvidiafb, nouveau, nvidia_drm, nvidia
07:00.1 Audio device [0403]: NVIDIA Corporation GK208 HDMI/DP Audio Controller [10de:0e0f] (rev a1)
miyakz@lily2:~$ 

Oct 27 15:20:46 lily2 kernel: [    2.560332] VFIO - User Level meta-driver version: 0.3

ã—ã‹ã‚‚ã€è¨­å®šãŒæœ‰åŠ¹ã«ãªã£ã¦ãŠã‚‰ã‚“ã€‚
ãƒ‘ãƒ©ãƒ¡ãƒ¼ã‚¿ã®ä¸ãˆã‚‹é †ç•ªãŒé–¢ä¿‚ã™ã‚‹ï¼Ÿ

GRUB_CMDLINE_LINUX_DEFAULT="vfio-pci.ids=10de:128b,10de:0e0f rdblaclist=nouveau"

miyakz@lily2:~$ lspci -nnk | grep -i nvi
07:00.0 VGA compatible controller [0300]: NVIDIA Corporation GK208B [GeForce GT 710] [10de:128b] (rev a1)
  Kernel modules: nvidiafb, nouveau, nvidia_drm, nvidia
07:00.1 Audio device [0403]: NVIDIA Corporation GK208 HDMI/DP Audio Controller [10de:0e0f] (rev a1)
miyakz@lily2:~$ 
ã ã‚ã€‚æœ‰åŠ¹ã«ãªã£ã¦ãŠã‚‰ãšã€ä¾‹ã®ãƒ¡ãƒƒã‚»ãƒ¼ã‚¸ã‚‚å‡ºã‚‹ã¨ã„ã†æœ€æ‚ªãƒ‘ã‚¿ãƒ¼ãƒ³ã€‚w

https://www.reddit.com/r/VFIO/comments/q7ddcg/cant_unload_nvidia_drivers/
 only do this for servers so ymmv but I put this in /etc/default/grub then update-grub:

GRUB_CMDLINE_LINUX_DEFAULT="intel_iommu=on vfio-pci.ids=10de:1eb8 rdblaclist=nouveau"
Where 10de:1eb8 is the ID of the card from lspci -nnk.

Then reboot, and the vfio-pci driver will be used instead of the nvidia one. You also need to mask the nvidia services, particularly some DRM one.
ã¨è¨˜è¼‰ãŒã‚ã‚‹ã®ã ãŒã€‚ã€‚ã€‚

ã“ã®ãƒšãƒ¼ã‚¸ã¯idã‚’ï¼‘ã¤æŒ‡å®šã—ã¦ã„ã‚‹ã‚ˆã†ãªã®ã§ã€ã‚«ãƒ¼ãƒ‰ã®ã¿ã‚’ï¼‘ã¤æŒ‡å®šã—ã¦ã¿ã‚‹ã‹ã€‚ã€‚ã€‚

NGä¾‹ã®ãƒ¡ãƒƒã‚»ï¼æ™‚ã§ã‚‹ã€‚ã—ã‹ã‚‚vfioæœ‰åŠ¹ã«ãªã‚‰ãšã€‚

psè¦‹ã¦ã¿ã‚‹ã¨ä»¥ä¸‹ã®ãƒ—ãƒ­ã‚»ã‚¹ã‚ã‚Šã€‚

/sbin/modprobe nvidia-drm

  |-systemd-udevd,577
  |   |-systemd-udevd,580
(snip)
  |   |-systemd-udevd,623
  |   |   `-modprobe,26784 nvidia-modeset

udevdãŒã„ã‚ã„ã‚ã¨ãƒ­ãƒ¼ãƒ‰ã—ã‚ˆã†ã¨ã—ã¦ã„ã‚‹ã®ã§ã€ã“ã„ã¤ã‚’æ­¢ã‚ã‚Œã°ã‚ˆã„ã®ã§ã¯ãªã„ã‹ï¼Ÿ

miyakz@lily2:/lib/udev/rules.d$ grep -rn nvidia *
61-gdm.rules:3:# disable Wayland when using the proprietary nvidia driver
61-gdm.rules:4:DRIVER=="nvidia", RUN+="/usr/lib/gdm3/gdm-disable-wayland"
71-nvidia.rules:3:SUBSYSTEM=="pci", ATTRS{vendor}=="0x10de", DRIVERS=="nvidia", TAG+="seat", TAG+="master-of-seat"
71-nvidia.rules:5:# Start and stop nvidia-persistenced on power on and power off
71-nvidia.rules:7:ACTION=="add", DEVPATH=="/bus/pci/drivers/nvidia", TAG+="systemd", ENV{SYSTEMD_WANTS}="nvidia-persistenced.service"
71-nvidia.rules:9:# Load and unload nvidia-modeset module
71-nvidia.rules:10:ACTION=="add", DEVPATH=="/bus/pci/drivers/nvidia", RUN+="/sbin/modprobe nvidia-modeset"
71-nvidia.rules:11:ACTION=="remove", DEVPATH=="/bus/pci/drivers/nvidia", RUN+="/sbin/modprobe -r nvidia-modeset"
71-nvidia.rules:13:# Load and unload nvidia-drm module
71-nvidia.rules:14:ACTION=="add", DEVPATH=="/bus/pci/drivers/nvidia", RUN+="/sbin/modprobe nvidia-drm"
71-nvidia.rules:15:ACTION=="remove", DEVPATH=="/bus/pci/drivers/nvidia", RUN+="/sbin/modprobe -r nvidia-drm"
71-nvidia.rules:17:# Load and unload nvidia-uvm module
71-nvidia.rules:18:ACTION=="add", DEVPATH=="/bus/pci/drivers/nvidia", RUN+="/sbin/modprobe nvidia-uvm"
71-nvidia.rules:19:ACTION=="remove", DEVPATH=="/bus/pci/drivers/nvidia", RUN+="/sbin/modprobe -r nvidia-uvm"
71-nvidia.rules:21:# This will create the device nvidia device nodes
71-nvidia.rules:22:ACTION=="add", DEVPATH=="/bus/pci/drivers/nvidia", RUN+="/sbin/ub-device-create"
71-nvidia.rules:24:# Create the device node for the nvidia-uvm module
71-nvidia.rules:25:ACTION=="add", DEVPATH=="/module/nvidia_uvm", SUBSYSTEM=="module", RUN+="/sbin/ub-device-create"
71-u-d-c-gpu-detection.rules:7:ACTION=="add", SUBSYSTEMS=="pci", DRIVERS=="nvidia", RUN+="/bin/touch /run/u-d-c-nvidia-was-loaded"
71-u-d-c-gpu-detection.rules:8:ACTION=="add", SUBSYSTEM=="module", KERNEL=="nvidia_drm", RUN+="/bin/touch /run/u-d-c-nvidia-drm-was-loaded"
miyakz@lily2:/lib/udev/rules.d$ 

ãŒã£ã¤ã‚Šã€ã„ã£ã±ã„ã‚ã‚‹ã‚ã€‚ã€‚ã€‚

4) NVIDIAãƒ•ãƒ«ã‚ã‚Šã€ã‹ã¤ã€VFIOã‚ã‚Šï¼‹udevã‚’æ­¢ã‚ã¦ã¿ã‚‹ç³»

miyakz@lily2:~$ lspci -nnk -d 10de:128b
07:00.0 VGA compatible controller [0300]: NVIDIA Corporation GK208B [GeForce GT 710] [10de:128b] (rev a1)
  Subsystem: ZOTAC International (MCO) Ltd. GK208B [GeForce GT 710] [19da:1422]
  Kernel driver in use: vfio-pci
  Kernel modules: nvidiafb, nouveau, nvidia_drm, nvidia
miyakz@lily2:~$ lspci -nnk -d 10de:0e0f
07:00.1 Audio device [0403]: NVIDIA Corporation GK208 HDMI/DP Audio Controller [10de:0e0f] (rev a1)
  Subsystem: ZOTAC International (MCO) Ltd. GK208 HDMI/DP Audio Controller [19da:1422]
  Kernel driver in use: vfio-pci
  Kernel modules: snd_hda_intel
miyakz@lily2:~$ 

ã“ã“ã¾ã§ã§ã€VFIOåŠ¹ã„ã¦ã„ã‚‹ã‘ã©ã€ä¾‹ã®ãƒ¡ãƒƒã‚»ãƒ¼ã‚¸ãŒå‡ºã¦ã„ã‚‹çŠ¶æ…‹

 71-nvidia.rules
-------------------------------------------
# Tag the device as master-of-seat so that logind is happy
# (see LP: #1365336)
SUBSYSTEM=="pci", ATTRS{vendor}=="0x10de", DRIVERS=="nvidia", TAG+="seat", TAG+="master-of-seat"

# Start and stop nvidia-persistenced on power on and power off
# respectively
ACTION=="add", DEVPATH=="/bus/pci/drivers/nvidia", TAG+="systemd", ENV{SYSTEMD_WANTS}="nvidia-persistenced.service"

# Load and unload nvidia-modeset module
ACTION=="add", DEVPATH=="/bus/pci/drivers/nvidia", RUN+="/sbin/modprobe nvidia-modeset"
ACTION=="remove", DEVPATH=="/bus/pci/drivers/nvidia", RUN+="/sbin/modprobe -r nvidia-modeset"

# Load and unload nvidia-drm module
ACTION=="add", DEVPATH=="/bus/pci/drivers/nvidia", RUN+="/sbin/modprobe nvidia-drm"
ACTION=="remove", DEVPATH=="/bus/pci/drivers/nvidia", RUN+="/sbin/modprobe -r nvidia-drm"

# Load and unload nvidia-uvm module
ACTION=="add", DEVPATH=="/bus/pci/drivers/nvidia", RUN+="/sbin/modprobe nvidia-uvm"
ACTION=="remove", DEVPATH=="/bus/pci/drivers/nvidia", RUN+="/sbin/modprobe -r nvidia-uvm"

# This will create the device nvidia device nodes
ACTION=="add", DEVPATH=="/bus/pci/drivers/nvidia", RUN+="/sbin/ub-device-create"

# Create the device node for the nvidia-uvm module
ACTION=="add", DEVPATH=="/module/nvidia_uvm", SUBSYSTEM=="module", RUN+="/sbin/ub-device-create"

# Enable runtime PM for NVIDIA VGA/3D controller devices
ACTION=="add", SUBSYSTEM=="pci", ATTR{vendor}=="0x10de", ATTR{class}=="0x03[0-9]*", TEST=="power/control", ATTR{power/control}="auto"

# Enable runtime PM for NVIDIA Audio devices
ACTION=="add", SUBSYSTEM=="pci", ATTR{vendor}=="0x10de", ATTR{class}=="0x040300", TEST=="power/control", ATTR{power/control}="auto"

# Enable runtime PM for NVIDIA USB xHCI Host Controller devices
ACTION=="add", SUBSYSTEM=="pci", ATTR{vendor}=="0x10de", ATTR{class}=="0x0c0330", TEST=="power/control", ATTR{power/control}="auto"

# Enable runtime PM fo NVIDIA USB Type-C UCSI devices
ACTION=="add", SUBSYSTEM=="pci", ATTR{vendor}=="0x10de", ATTR{class}=="0x0c8000", TEST=="power/control", ATTR{power/control}="auto"
-------------------------------------------

modprobeå‘¼ã³å‡ºã—ã¦ã„ã‚‹ã¨ã“ã‚ã‚’ã‚³ãƒ¡ãƒ³ãƒˆã‚¢ã‚¦ãƒˆã™ã‚‹ã€‚é€”ä¸­ã§udevdã‚’å†èµ·å‹•ã—ãŸã‚‰ä¾‹ã®ãƒ¡ãƒƒã‚»ãƒ¼ã‚¸ãŒæ­¢ã¾ã£ãŸã€‚
è©¦ã—ã«ã€ã‚·ã‚¹ãƒ†ãƒ ã‚’rebootã—ã¦ã¿ã‚‹ã€‚

ï¼¯ï¼«ï¼
ä¾‹ã®ã‚¨ãƒ©ãƒ¼ãƒ¡ãƒƒã‚»ãƒ¼ã‚¸ã‚‚å‡ºãªãã€VFIOãŒåŠ¹ã„ã¦ã„ã‚‹

ã€å®Ÿæ–½ã—ãŸã“ã¨ã€‘

1) VFIOã®è¨­å®š
/etc/default/grub
GRUB_CMDLINE_LINUX_DEFAULT="vfio-pci.ids=10de:128b,10de:0e0f"

2) udevã®NVIDIAé–¢é€£ã®modprobeç„¡åŠ¹åŒ–

modprobeã—ã¦ã„ã‚‹ä»¥ä¸‹ã‚’ã‚³ãƒ¡ãƒ³ãƒˆã‚¢ã‚¦ãƒˆ
# Load and unload nvidia-modeset module
#ACTION=="add", DEVPATH=="/bus/pci/drivers/nvidia", RUN+="/sbin/modprobe nvidia-modeset"
#ACTION=="remove", DEVPATH=="/bus/pci/drivers/nvidia", RUN+="/sbin/modprobe -r nvidia-modeset"

# Load and unload nvidia-drm module
#ACTION=="add", DEVPATH=="/bus/pci/drivers/nvidia", RUN+="/sbin/modprobe nvidia-drm"
#ACTION=="remove", DEVPATH=="/bus/pci/drivers/nvidia", RUN+="/sbin/modprobe -r nvidia-drm"

# Load and unload nvidia-uvm module
#ACTION=="add", DEVPATH=="/bus/pci/drivers/nvidia", RUN+="/sbin/modprobe nvidia-uvm"
#ACTION=="remove", DEVPATH=="/bus/pci/drivers/nvidia", RUN+="/sbin/modprobe -r nvidia-uvm"


ä»¥ä¸Š

ã€VMã®è¨­å®šã€‘

1) virt-managerã§NVIDIAãƒ‡ãƒã‚¤ã‚¹ã®é¸æŠ

2) hiddenã®è¨­å®š

virsh edit ã§ä»¥ä¸‹ã®ã‚ˆã†ã«ã€featuresã‚¿ã‚°ã«kvmã‚¿ã‚°ã®hiddenã‚’è¿½åŠ ã€‚

  <features>
    <acpi/>
    <apic/>
    <kvm>
      <hidden state='on'/>
    </kvm>
    <vmport state='off'/>
  </features>

ãã†ã™ã‚‹ã¨ã€ã‚·ã‚¹ãƒ†ãƒ å†èµ·å‹•å¾Œã«lily2å¿œç­”ã›ãšã€ã€ã€ãªãœã‹ï¼Ÿ

virsh start ai03
ã¨ã‚„ã‚‹ã¨ã—ã°ã‚‰ãã—ã¦ã€ãƒãƒ³ã‚°ã‚¢ãƒƒãƒ—ã€‚

ai03ãŒautostartã®çŠ¶æ…‹ã§èµ·å‹•ã™ã‚‹ã¨ä»¥ä¸‹ã®ãƒ­ã‚°ãŒå‡ºã‚‹æ§˜å­ã€‚ã‚ã‚„ã—ã„ã€‚


Oct 28 15:27:37 lily2 kernel: [  104.425570] watchdog: BUG: soft lockup - CPU#13 stuck for 23s! [systemd-udevd:275]
Oct 28 15:27:37 lily2 kernel: [  104.425570] Modules linked in: usbhid igb(+) ahci cryptd dca fjes(-) glue_helper libahci drm hid i2c_piix4 i2c_algo_b
it wmi
Oct 28 15:27:37 lily2 kernel: [  104.425574] CPU: 13 PID: 275 Comm: systemd-udevd Not tainted 5.4.0-131-generic #147-Ubuntu
Oct 28 15:27:37 lily2 kernel: [  104.425575] Hardware name: Gigabyte Technology Co., Ltd. X570 AORUS ELITE/X570 AORUS ELITE, BIOS F5b 09/17/2019
Oct 28 15:27:37 lily2 kernel: [  104.425578] RIP: 0010:console_unlock+0x366/0x4e0
Oct 28 15:27:37 lily2 kernel: [  104.425579] Code: 85 59 ff ff ff e8 fa f8 ff ff 85 c0 0f 85 ec fc ff ff e9 47 ff ff ff 0f b7 70 08 e9 5b ff ff ff e8 9f 26 00 00 4c 89 ff 57 9d <0f> 1f 44 00 00 8b 45 cc 85 c0 0f 84 0c fd ff ff e8 35 bd 9e 00 e9
Oct 28 15:27:37 lily2 kernel: [  104.425580] RSP: 0018:ffffa7ecc0b87b38 EFLAGS: 00000246 ORIG_RAX: ffffffffffffff13
Oct 28 15:27:37 lily2 kernel: [  104.425581] RAX: 0000000000000000 RBX: 0000000000000000 RCX: 00000000ffffffff
Oct 28 15:27:37 lily2 kernel: [  104.425581] RDX: 0000000000000000 RSI: 0000000000000004 RDI: 0000000000000246
Oct 28 15:27:37 lily2 kernel: [  104.425581] RBP: ffffa7ecc0b87b70 R08: 0000000000000000 R09: 0000000000000000
Oct 28 15:27:37 lily2 kernel: [  104.425582] R10: ffff93ca97edb430 R11: 0000000000000001 R12: 000000000000003c
Oct 28 15:27:37 lily2 kernel: [  104.425582] R13: 0000000000000000 R14: ffffffff87b9ee30 R15: 0000000000000246
Oct 28 15:27:37 lily2 kernel: [  104.425583] FS:  00007f4b4258d880(0000) GS:ffff93ca9eb40000(0000) knlGS:0000000000000000
Oct 28 15:27:37 lily2 kernel: [  104.425583] CS:  0010 DS: 0000 ES: 0000 CR0: 0000000080050033
Oct 28 15:27:37 lily2 kernel: [  104.425583] CR2: 0000563149159ba8 CR3: 0000000fbf506000 CR4: 0000000000340ee0
Oct 28 15:27:37 lily2 kernel: [  104.425584] Call Trace:
Oct 28 15:27:37 lily2 kernel: [  104.425586]  vprintk_emit+0x17e/0x290
Oct 28 15:27:37 lily2 kernel: [  104.425588]  vprintk_default+0x29/0x50
Oct 28 15:27:37 lily2 kernel: [  104.425589]  vprintk_func+0x4c/0xc0
Oct 28 15:27:37 lily2 kernel: [  104.425589]  ? 0xffffffffc0367000
Oct 28 15:27:37 lily2 kernel: [  104.425591]  printk+0x58/0x6f
Oct 28 15:27:37 lily2 kernel: [  104.425596]  igb_init_module+0x36/0x1000 [igb]
Oct 28 15:27:37 lily2 kernel: [  104.425597]  do_one_initcall+0x4a/0x200
Oct 28 15:27:37 lily2 kernel: [  104.425599]  ? kfree+0x231/0x250
Oct 28 15:27:37 lily2 kernel: [  104.425601]  ? _cond_resched+0x19/0x30
Oct 28 15:27:37 lily2 kernel: [  104.425601]  ? kmem_cache_alloc_trace+0x1b0/0x240
Oct 28 15:27:37 lily2 kernel: [  104.425603]  do_init_module+0x52/0x240
Oct 28 15:27:37 lily2 kernel: [  104.425604]  load_module+0x11e6/0x1320
Oct 28 15:27:37 lily2 kernel: [  104.425605]  __do_sys_finit_module+0xbe/0x120
Oct 28 15:27:37 lily2 kernel: [  104.425606]  ? __do_sys_finit_module+0xbe/0x120
Oct 28 15:27:37 lily2 kernel: [  104.425607]  __x64_sys_finit_module+0x1a/0x20
Oct 28 15:27:37 lily2 kernel: [  104.425608]  do_syscall_64+0x57/0x190
Oct 28 15:27:37 lily2 kernel: [  104.425609]  entry_SYSCALL_64_after_hwframe+0x44/0xa9
Oct 28 15:27:37 lily2 kernel: [  104.425610] RIP: 0033:0x7f4b42bb873d
Oct 28 15:27:37 lily2 kernel: [  104.425611] Code: 00 c3 66 2e 0f 1f 84 00 00 00 00 00 90 f3 0f 1e fa 48 89 f8 48 89 f7 48 89 d6 48 89 ca 4d 89 c2 4d 89 c8 4c 8b 4c 24 08 0f 05 <48> 3d 01 f0 ff ff 73 01 c3 48 8b 0d 23 37 0d 00 f7 d8 64 89 01 48
Oct 28 15:27:37 lily2 kernel: [  104.425611] RSP: 002b:00007fffbf1414f8 EFLAGS: 00000246 ORIG_RAX: 0000000000000139
Oct 28 15:27:37 lily2 kernel: [  104.425611] RAX: ffffffffffffffda RBX: 00005574fd7ec180 RCX: 00007f4b42bb873d


ä»¥ä¸‹ã€virsh start ai03ã¨ã—ãŸæ™‚ã®ã‚·ã‚¹ãƒ†ãƒ ã®ãƒ­ã‚°ã€‚


2022-10-28T17:02:18.502081Z qemu-system-x86_64: -device vfio-pci,host=0000:07:00.0,id=hostdev0,bus=pci.7,addr=0x0: Failed to mmap 0000:07:00.0 BAR 3. Performance may be slow
ã“ã‚ŒãŒæ€ªã—ã„ã®ã ã‚ã†ã‹ã€ã‚„ã£ã±ã‚Šæ€ªã—ã„ã‚ˆã­ã€‚

Oct 28 17:01:11 lily2 systemd[1]: Started Virtual Machine qemu-4-ai03.
Oct 28 17:01:11 lily2 libvirtd[5457]: 2022-10-28 17:01:11.190+0000: 5457: info : libvirt version: 6.0.0, package: 0ubuntu8.16 (Marc Deslauriers <marc.deslauriers@ubuntu.com> Wed, 20 Apr 2022 11:31:12 -0400)
Oct 28 17:01:11 lily2 libvirtd[5457]: 2022-10-28 17:01:11.190+0000: 5457: info : hostname: lily2
Oct 28 17:01:11 lily2 libvirtd[5457]: 2022-10-28 17:01:11.190+0000: 5457: warning : virSecurityValidateTimestamp:198 : Invalid XATTR timestamp detected on /var/lib/libvirt/images/ai03.qcow2 secdriver=dac
Oct 28 17:01:11 lily2 libvirtd[5457]: 2022-10-28 17:01:11.190+0000: 5457: warning : virSecurityValidateTimestamp:198 : Invalid XATTR timestamp detected on /home/miyakz/vms/ai03.qcow2 secdriver=dac
Oct 28 17:01:12 lily2 avahi-daemon[989]: Joining mDNS multicast group on interface vnet4.IPv6 with address fe80::fc54:ff:fe1a:9892.
Oct 28 17:01:12 lily2 avahi-daemon[989]: New relevant interface vnet4.IPv6 for mDNS.
Oct 28 17:01:12 lily2 systemd-networkd[949]: vnet4: Gained IPv6LL
Oct 28 17:01:12 lily2 avahi-daemon[989]: Registering new address record for fe80::fc54:ff:fe1a:9892 on vnet4.*.
Oct 28 17:01:12 lily2 named[1185]: listening on IPv6 interface vnet4, fe80::fc54:ff:fe1a:9892%19#53
Oct 28 17:01:13 lily2 kernel: [ 2477.504041] virbr0: port 5(vnet4) entered learning state
Oct 28 17:01:15 lily2 kernel: [ 2479.520022] virbr0: port 5(vnet4) entered forwarding state
Oct 28 17:01:15 lily2 kernel: [ 2479.520024] virbr0: topology change detected, propagating
Oct 28 17:01:46 lily2 libvirtd[5177]: Cannot start job (query, none, none) for domain ai03; current job is (async nested, none, start) owned by (5181 remoteDispatchDomainCreate, 0 <null>, 5181 remoteDispatchDomainCreate (flags=0x0)) for (32s, 0s, 32s)
Oct 28 17:01:55 lily2 libvirtd[5177]: Timed out during operation: cannot acquire state change lock (held by monitor=remoteDispatchDomainCreate)
Oct 28 17:02:20 lily2 kernel: [ 2542.978856] vfio-pci 0000:07:00.0: BAR 3: can't reserve [mem 0xf0000000-0xf1ffffff 64bit pref]
Oct 28 17:02:25 lily2 kernel: [ 2548.734961] vfio-pci 0000:07:00.0: No more image in the PCI ROM

è¦ã™ã‚‹ã«ã€ï¼¶ï¼­ã‹ã‚‰vfioã®ãƒ‡ãƒã‚¤ã‚¹ãŒä¸Šæ‰‹ãè¦‹ãˆã¦ã„ãªã„ï¼Ÿæ§˜å­ã€‚

ã“ã‚Œã§ï¼¶ï¼­ãƒ›ã‚¹ãƒˆå…¨ä½“ãŒé…ããªã‚‹ã¨ã‹ã‚„ã°ã„ã ã‚ã†ã€‚

Oct 28 15:27:37 lily2 kernel: [    2.561029] VFIO - User Level meta-driver version: 0.3
Oct 28 15:27:37 lily2 kernel: [    2.563593] vfio-pci 0000:07:00.0: vgaarb: changed VGA decodes: olddecodes=io+mem,decodes=io+mem:owns=io+mem
Oct 28 15:27:37 lily2 kernel: [    2.588032] vfio_pci: add [10de:128b[ffffffff:ffffffff]] class 0x000000/00000000
Oct 28 15:27:37 lily2 kernel: [    2.612091] vfio_pci: add [10de:0e0f[ffffffff:ffffffff]] class 0x000000/00000000

GRUB_CMDLINE_LINUX_DEFAULT="vfio-pci.ids=10de:128b,10de:0e0f"


miyakz@lily2:~$ lspci | grep -i nvidia
07:00.0 VGA compatible controller: NVIDIA Corporation GK208B [GeForce GT 710] (rev a1)
07:00.1 Audio device: NVIDIA Corporation GK208 HDMI/DP Audio Controller (rev a1)
miyakz@lily2:~$ lsmod | grep -i nvidia
miyakz@lily2:~$ 

miyakz@lily2:~$ lspci -nn | grep -i nvidia
07:00.0 VGA compatible controller [0300]: NVIDIA Corporation GK208B [GeForce GT 710] [10de:128b] (rev a1)
07:00.1 Audio device [0403]: NVIDIA Corporation GK208 HDMI/DP Audio Controller [10de:0e0f] (rev a1)
miyakz@lily2:~$ 



ã‚“ãƒ¼ã€‚ã‚ˆãã‚ã‹ã‚‰ãªã„ã€‚vmhostä¸Šã®è¨­å®šãŒä¸Šæ‰‹ãè¨€ã£ãŸã¨æ€ã£ãŸã‚‰ã€ï¼ˆä¾‹ã®ãƒ­ã‚°ãŒå‡ºãªã„ã€‚)ã€
ä»Šåº¦ã¯ï¼¶ï¼­å´ã§ãƒ‡ãƒã‚¤ã‚¹ãŒä¸Šæ‰‹ãèªè­˜ã§ããªã„ã¨ã‹ã€‚






ãã®å¾Œã®å†èµ·å‹•ã€‚
VFIOã‚’å…¥ã‚Œã¦ã‹ã‚‰èµ·å‹•ãŒé…ã„ï¼Ÿ


[11/1]
ã‚ã‚Šã‹ã—ã€æœ€åˆã‹ã‚‰æ°—ã‚’æ’®ã‚Šç›´ã—ã¦ã‚„ã£ã¦ã¿ã‚‹ã€‚

1) lily2ã§ã®IOMMUã®çŠ¶æ³

miyakz@lily2:~/bin$ ./iommu.sh  | grep -i nvidia
IOMMU Group 2 07:00.0 VGA compatible controller [0300]: NVIDIA Corporation GK208B [GeForce GT 710] [10de:128b] (rev a1)
IOMMU Group 2 07:00.1 Audio device [0403]: NVIDIA Corporation GK208 HDMI/DP Audio Controller [10de:0e0f] (rev a1)
miyakz@lily2:~/bin$ 

IOMMU GroupãŒ2ãªã®ã§ã“ã‚Œã‚’ã‚»ãƒƒãƒˆã§ãƒ‘ã‚¹ã‚¹ãƒ«ãƒ¼å¿…è¦ã¨ã®ã“ã¨ã€‚

2) vfio

GRUB_CMDLINE_LINUX_DEFAULT="vfio-pci.ids=10de:128b,10de:0e0f"


3) updating grub

sudo update-grub

4) reboot system

5) veriby VFIO configuration

07:00.0 VGA compatible controller [0300]: NVIDIA Corporation GK208B [GeForce GT 710] [10de:128b] (rev a1) (prog-if 00 [VGA controller])
        Subsystem: ZOTAC International (MCO) Ltd. GK208B [GeForce GT 710] [19da:1422]
        Flags: bus master, fast devsel, latency 0, IRQ 10
        Memory at f6000000 (32-bit, non-prefetchable) [size=16M]
        Memory at e8000000 (64-bit, prefetchable) [size=128M]
        Memory at f0000000 (64-bit, prefetchable) [size=32M]
        I/O ports at e000 [size=128]
        Expansion ROM at 000c0000 [disabled] [size=128K]
        Capabilities: <access denied>
        Kernel driver in use: vfio-pci
        Kernel modules: nvidiafb, nouveau

07:00.1 Audio device [0403]: NVIDIA Corporation GK208 HDMI/DP Audio Controller [10de:0e0f] (rev a1)
        Subsystem: ZOTAC International (MCO) Ltd. GK208 HDMI/DP Audio Controller [19da:1422]
        Flags: bus master, fast devsel, latency 0, IRQ 4
        Memory at f7080000 (32-bit, non-prefetchable) [size=16K]
        Capabilities: <access denied>
        Kernel driver in use: vfio-pci
        Kernel modules: snd_hda_intel

6) æ–°ã—ãVMã‚’ä½œã£ã¦ã¿ã‚‹

ä»Šã¾ã§ã¯ã€ai03(æ—¢å­˜ãƒã‚·ãƒ³ï¼‰ã®è¨­å®šã‚’å¤‰æ›´ã—ã¦ã„ã¦ã€ä¸Šè¨˜ã®ã‚ˆã†ãªvery slowã¨ã„ã†ã‚¨ãƒ©ãƒ¼ã‚’å¾—ã¦ã„ãŸã€‚
ä»Šåº¦ã¯æ–°è¦ã«ä½œã£ã¦ã¿ã‚‹ã€‚

OSãŒç©ºã£ã½ã®ãƒã‚·ãƒ³ã‚’ä½œæˆã—ãŸãŸã‚ã‹ã€lily2ã¾ã‚‹ã”ã¨ã®ãƒãƒ³ã‚°ç¾è±¡ã‚’å›é¿ã§ããŸã€‚
ã—ã‹ã—ã€å¤‰ã‚ã‚‰ãšã€ä»¥ä¸‹ã®ã‚¨ãƒ©ãƒ¼ã‚ã‚Šã€

2022-11-01T13:23:02.284664Z qemu-system-x86_64: -device vfio-pci,host=0000:07:00.0,id=hostdev0,bus=pci.6,addr=0x0: Failed to mmap 0000:07:00.0 BAR 3. Performance may be slow


7) CPUã‚’"host-passthrough"ã«è¨­å®š

host-passthrough,sockets1,cores4,threads2ã§ã‚‚åŒã˜ã‚¨ãƒ©ãƒ¼

ã—ã‹ã—ã€åŒã˜ã‚¨ãƒ©ãƒ¼


8) offã«ã—ã¦ã¿ã‚‹ 

miyakz@lily2:~$ cat /proc/cmdline 
BOOT_IMAGE=/boot/vmlinuz-5.4.0-131-generic root=UUID=59240685-bfd2-4c4f-b5a6-a6c303a8a0b2 ro vfio-pci.ids=10de:128b,10de:0e0f video=vesafb:off,efifb:off
miyakz@lily2:~$ 


ã—ã‹ã—ã€åŒã˜ã‚¨ãƒ©ãƒ¼ã€‚ã—ã¤ã“ã„ã€‚


9) æŒ‡å®šã®ä»•æ–¹ã‚’ã‚«ã‚¨ãƒ«?



2022-11-01T14:06:13.662500Z qemu-system-x86_64: -device vfio-pci,host=0000:07:00.0,id=hostdev0,bus=pci.6,addr=0x0: Failed to mmap 0000:07:00.0 BAR 3. Performance may be slow


  +- pci_0000_00_02_0
  +- pci_0000_00_03_0
  +- pci_0000_00_03_1
  |   |
  |   +- pci_0000_07_00_0
  |   +- pci_0000_07_00_1

ã“ã‚Œã‚’æŒ‡å®šã—ã¦ã€virt-installã™ã‚‹ã€åŒã˜ã‚¨ãƒ©ãƒ¼ã€‚ã•ã‚‰ã«æ‚ªããªã‚‹ã€‚ã—ã¤ã“ã„ã€‚

miyakz@lily2:~/nvidia_gpu_exp$ cat create.sh 
set -x
virt-install --accelerate --hvm \
    --connect qemu:///system \
    --name gpuvm01\
    --vcpus 1 \
    --ram 2048 \
    --file-size 24 \
    --file "/var/lib/libvirt/images/gpuvm01.img" \
    --os-variant ubuntu16.04 \
    --boot hd,cdrom,menu=on \
    --cdrom "/home/miyakz/cdimage/ubuntu-20.04.1-live-server-amd64" \
    --machine q35 \
    --host-device=pci_0000_07_00_0
miyakz@lily2:~/nvidia_gpu_exp$ 

qemu-system-x86_64: vfio_region_write(0000:07:00.0:region3+0x524a8, 0x0,8) failed: Device or resource busy

9) nommconfã‚’æŒ‡å®šã—ã¦ã¿ã‚‹ã€‚

miyakz@lily2:~$ cat /proc/cmdline 
BOOT_IMAGE=/boot/vmlinuz-5.4.0-131-generic root=UUID=59240685-bfd2-4c4f-b5a6-a6c303a8a0b2 ro vfio-pci.ids=10de:128b,10de:0e0f video=vesafb:off,efifb:off pci=nommconf
miyakz@lily2:~$ 

åŒã˜ã‚¨ãƒ©ãƒ¼ã€‚
ã•ã‚‰ã«2022-11-01T14:46:33.772664Z qemu-system-x86_64: vfio_region_write(0000:07:00.0:region3+0x524a8, 0x0,8) failed: Device or resource busy

2022-11-01T14:55:01.400881Z qemu-system-x86_64: -device vfio-pci,host=0000:07:00.0,id=hostdev0,bus=pci.4,addr=0x0: Failed to mmap 0000:07:00.0 BAR 3. Performance may be slow

10) multifunc?

2022-11-01T15:11:14.980926Z qemu-system-x86_64: -device vfio-pci,host=0000:07:00.0,id=hostdev0,bus=pci.6,multifunction=on,addr=0x0: Failed to mmap 0000:07:00.0 BAR 3. Performance may be slow


11) ã“ã®ï¼µï¼²ï¼¬ã®èª¬æ˜
https://blog.csdn.net/a985588764/article/details/109525281




ã€è‡ªåˆ†ã®ã‚«ãƒ¼ãƒãƒ«ã‚ªãƒ—ã‚·ãƒ§ã®çŠ¶æ³ã€‘

miyakz@lily2:~/nvidia_gpu_exp$ grep -rn -i vfio /boot/config-5.4.0-* 
/boot/config-5.4.0-128-generic:719:CONFIG_KVM_VFIO=y
/boot/config-5.4.0-128-generic:7929:CONFIG_VFIO_IOMMU_TYPE1=y
/boot/config-5.4.0-128-generic:7930:CONFIG_VFIO_VIRQFD=y
/boot/config-5.4.0-128-generic:7931:CONFIG_VFIO=y
/boot/config-5.4.0-128-generic:7932:CONFIG_VFIO_NOIOMMU=y
/boot/config-5.4.0-128-generic:7933:CONFIG_VFIO_PCI=y
/boot/config-5.4.0-128-generic:7934:CONFIG_VFIO_PCI_VGA=y
/boot/config-5.4.0-128-generic:7935:CONFIG_VFIO_PCI_MMAP=y
/boot/config-5.4.0-128-generic:7936:CONFIG_VFIO_PCI_INTX=y
/boot/config-5.4.0-128-generic:7937:CONFIG_VFIO_PCI_IGD=y
/boot/config-5.4.0-128-generic:7938:CONFIG_VFIO_MDEV=m
/boot/config-5.4.0-128-generic:7939:CONFIG_VFIO_MDEV_DEVICE=m
/boot/config-5.4.0-128-generic:10432:# CONFIG_SAMPLE_VFIO_MDEV_MTTY is not set
/boot/config-5.4.0-128-generic:10433:# CONFIG_SAMPLE_VFIO_MDEV_MDPY is not set
/boot/config-5.4.0-128-generic:10434:# CONFIG_SAMPLE_VFIO_MDEV_MDPY_FB is not set
/boot/config-5.4.0-128-generic:10435:# CONFIG_SAMPLE_VFIO_MDEV_MBOCHS is not set
/boot/config-5.4.0-131-generic:719:CONFIG_KVM_VFIO=y
/boot/config-5.4.0-131-generic:7929:CONFIG_VFIO_IOMMU_TYPE1=y
/boot/config-5.4.0-131-generic:7930:CONFIG_VFIO_VIRQFD=y
/boot/config-5.4.0-131-generic:7931:CONFIG_VFIO=y
/boot/config-5.4.0-131-generic:7932:CONFIG_VFIO_NOIOMMU=y
/boot/config-5.4.0-131-generic:7933:CONFIG_VFIO_PCI=y
/boot/config-5.4.0-131-generic:7934:CONFIG_VFIO_PCI_VGA=y
/boot/config-5.4.0-131-generic:7935:CONFIG_VFIO_PCI_MMAP=y
/boot/config-5.4.0-131-generic:7936:CONFIG_VFIO_PCI_INTX=y
/boot/config-5.4.0-131-generic:7937:CONFIG_VFIO_PCI_IGD=y
/boot/config-5.4.0-131-generic:7938:CONFIG_VFIO_MDEV=m
/boot/config-5.4.0-131-generic:7939:CONFIG_VFIO_MDEV_DEVICE=m
/boot/config-5.4.0-131-generic:10432:# CONFIG_SAMPLE_VFIO_MDEV_MTTY is not set
/boot/config-5.4.0-131-generic:10433:# CONFIG_SAMPLE_VFIO_MDEV_MDPY is not set
/boot/config-5.4.0-131-generic:10434:# CONFIG_SAMPLE_VFIO_MDEV_MDPY_FB is not set
/boot/config-5.4.0-131-generic:10435:# CONFIG_SAMPLE_VFIO_MDEV_MBOCHS is not set
miyakz@lily2:~/nvidia_gpu_exp$ 





