https://qiita.com/SwitchBlade/items/5d5bc645822229ee0ed9


git clone https://github.com/WongKinYiu/yolov7.git

miyakz@lily2:~$ ubuntu-drivers devices
WARNING:root:_pkg_get_support nvidia-driver-390: package has invalid Support Legacyheader, cannot determine support level
== /sys/devices/pci0000:00/0000:00:03.1/0000:07:00.0 ==
modalias : pci:v000010DEd0000128Bsv000019DAsd00001422bc03sc00i00
vendor   : NVIDIA Corporation
model    : GK208B [GeForce GT 710]
driver   : nvidia-driver-470-server - distro non-free
driver   : nvidia-driver-418-server - distro non-free
driver   : nvidia-driver-470 - distro non-free recommended
driver   : nvidia-driver-390 - distro non-free
driver   : nvidia-driver-450-server - distro non-free
driver   : xserver-xorg-video-nouveau - distro free builtin

miyakz@lily2:~$ 

a@ai03:~$ sudo apt install -y --no-install-recommends nvidia-driver-460

ã“ã®å¾Œã€æ–°ã—ã„ã‚«ãƒ¼ãƒãƒ«ãŒå‡ºæ¥ãŸæ§˜å­ãªã®ã§ã€ai03ã‚’ãƒªãƒ–ãƒ¼ãƒˆ

00:01.0 VGA compatible controller: Red Hat, Inc. QXL paravirtual graphic card (r
ev 04)
ã‘ã©ã‚‚ã€ï¼¶ï¼­ã‹ã‚‰ã¯ã“ã‚“ãªã‚°ãƒ©ãƒ•ã‚£ãƒƒã‚¯ã‚«ãƒ¼ãƒ‰ãŒè¦‹ãˆã‚‹ã‘ã©è‰¯ã„ã®ã‹ãªï¼Ÿ
ã¨ã‚Šã‚ãˆãšã€ï¼£ï¼µï¼¤ï¼¡å…¥ã‚Œã¦ã¿ã‚‹ã€‚

https://developer.nvidia.com/cuda-downloads?target_os=Linux&target_arch=x86_64&Distribution=Ubuntu&target_version=20.04&target_type=deb_network

æ¡ˆå†…ã©ãŠã‚Šã«å…¥ã‚Œã¦
wget https://developer.download.nvidia.com/compute/cuda/repos/ubuntu2004/x86_64/cuda-keyring_1.0-1_all.deb
sudo dpkg -i cuda-keyring_1.0-1_all.deb
sudo apt-get update
sudo apt-get -y install cuda



a@ai03:~$ wget https://developer.download.nvidia.com/compute/cuda/repos/ubuntu2004/x86_64/cuda-keyring_1.0-1_all.deb
--2022-10-18 15:54:22--  https://developer.download.nvidia.com/compute/cuda/repos/ubuntu2004/x86_64/cuda-keyring_1.0-1_all.deb
Resolving developer.download.nvidia.com (developer.download.nvidia.com)... 152.199.39.144
Connecting to developer.download.nvidia.com (developer.download.nvidia.com)|152.199.39.144|:443... connected.
HTTP request sent, awaiting response... 200 OK
Length: 4328 (4.2K) [application/x-deb]
Saving to: â€˜cuda-keyring_1.0-1_all.debâ€™

cuda-keyring_1.0-1_ 100%[===================>]   4.23K  --.-KB/s    in 0s      

2022-10-18 15:54:22 (311 MB/s) - â€˜cuda-keyring_1.0-1_all.debâ€™ saved [4328/4328]

a@ai03:~$ sudo dpkg -i cuda-keyring_1.0-1_all.deb
Selecting previously unselected package cuda-keyring.
(Reading database ... 72918 files and directories currently installed.)
Preparing to unpack cuda-keyring_1.0-1_all.deb ...
Unpacking cuda-keyring (1.0-1) ...
Setting up cuda-keyring (1.0-1) ...
a@ai03:~$ 
a@ai03:~$ ls
cuda-keyring_1.0-1_all.deb  ml_study  token
a@ai03:~$ du -m cuda-keyring_1.0-1_all.deb 
1	cuda-keyring_1.0-1_all.deb
a@ai03:~$ sudo apt-get update
Get:1 https://developer.download.nvidia.com/compute/cuda/repos/ubuntu2004/x86_64  InRelease [1,581 B]
Get:2 https://developer.download.nvidia.com/compute/cuda/repos/ubuntu2004/x86_64  Packages [705 kB]
Hit:3 http://jp.archive.ubuntu.com/ubuntu focal InRelease          
Hit:4 http://jp.archive.ubuntu.com/ubuntu focal-updates InRelease
Hit:5 http://jp.archive.ubuntu.com/ubuntu focal-backports InRelease
Hit:6 http://jp.archive.ubuntu.com/ubuntu focal-security InRelease
Fetched 707 kB in 1s (925 kB/s)
Reading package lists... Done
a@ai03:~$ sudo apt-get -y install cuda
Reading package lists... Done
Building dependency tree       
Reading state information... Done
Some packages could not be installed. This may mean that you have
requested an impossible situation or if you are using the unstable
distribution that some required packages have not yet been created
or been moved out of Incoming.
The following information may help to resolve the situation:

The following packages have unmet dependencies:
 cuda : Depends: cuda-11-8 (>= 11.8.0) but it is not going to be installed
E: Unable to correct problems, you have held broken packages.
a@ai03:~$ 


å‰é€”å¤šé›£ãªã‚Šã€‚ã€‚ã€‚


https://zenn.dev/190ikp/articles/vagrant_libvirt_gpu
ã“ã‚Œã‚’ã‚„ã‚‹å¿…è¦ãŒã‚ã‚‹ã®ã‹ã€‚ã€‚ã€‚ï¼Ÿã‹ãªã‚Šé›£ã—ãã†ãªã‚Šã€‚
lily2ã«å½±éŸ¿ãŒã‚ã‚‹ã®ã¯å‹˜å¼ã—ã¦ã»ã—ã„ã€‚


a@ai03:~/yolov7$ python3 test.py --data data/coco.yaml --img 640 --batch 32 --conf 0.001 --iou 0.65 --device 0 --weights yolov7.pt --name yolov7_640_val --device cpu

ã¨ã‚Šã‚ãˆãšã€cpuã§ã„ã‘ãã†ã ã€‚

val: Scanning 'coco/val2017' images and labels... 4952 found, 48 missing, 0 empty, 0 corrupted: 100%|â–ˆâ–ˆâ–ˆâ–ˆâ–ˆâ–ˆâ–ˆâ–ˆâ–ˆâ–ˆâ–ˆ| 5000/5000 [00:02<00:00, 1986.01it/s]
val: New cache created: coco/val2017.cache
               Class      Images      Labels           P           R      mAP@.5  mAP@.5:.95:   0%|                           | 0/157 [00:00<?, ?it/s]/home/a/.local/lib/python3.8/site-packages/torch/functional.py:478: UserWarning: torch.meshgrid: in an upcoming release, it will be required to pass the indexing argument. (Triggered internally at  ../aten/src/ATen/native/TensorShape.cpp:2895.)
  return _VF.meshgrid(tensors, **kwargs)  # type: ignore[attr-defined]
               Class      Images      Labels           P           R      mAP@.5  mAP@.5:.95:   6%|â–ˆ                  | 9/157 [02:49<46:41, 18.93s/it]




               Class      Images      Labels           P           R      mAP@.5  mAP@.5:.95:  66%|â–ˆâ–ˆâ–ˆâ–ˆâ–ˆâ–ˆâ–ˆâ–ˆâ–ˆâ–ˆâ–ˆâ–     | 103/157 [34:40<21:18, 23.67s/it]Killed
a@ai03:~/yolov7$ 


ã‘ã©ã€killedã§æ®ºã•ã‚Œã¦ã—ã¾ã£ãŸã€‚ã©ã†ã«ã‚‚ä¸Šæ‰‹ãå‹•ä½œã—ãªã„ã­ï¼yolo7ã¯ã€‚ã€‚ã€‚

detectã£ã¦ã‚„ã¤ã¯ä¸Šæ‰‹ãå‹•ã„ãŸã€‚
a@ai03:~/yolov7$ python3 detect.py --source inference/images/horses.jpg --weights yolov7-e6e.pt --conf 0.25 --img-size 1280 --device cpu
Namespace(agnostic_nms=False, augment=False, classes=None, conf_thres=0.25, device='cpu', exist_ok=False, img_size=1280, iou_thres=0.45, name='exp', no_trace=False, nosave=False, project='runs/detect', save_conf=False, save_txt=False, source='inference/images/horses.jpg', update=False, view_img=False, weights=['yolov7-e6e.pt'])
YOLOR ğŸš€ v0.1-115-g072f76c torch 1.12.1+cu102 CPU

Downloading https://github.com/WongKinYiu/yolov7/releases/download/v0.1/yolov7-e6e.pt to yolov7-e6e.pt...
100%|â–ˆâ–ˆâ–ˆâ–ˆâ–ˆâ–ˆâ–ˆâ–ˆâ–ˆâ–ˆâ–ˆâ–ˆâ–ˆâ–ˆâ–ˆâ–ˆâ–ˆâ–ˆâ–ˆâ–ˆâ–ˆâ–ˆâ–ˆâ–ˆâ–ˆâ–ˆâ–ˆâ–ˆâ–ˆâ–ˆâ–ˆâ–ˆâ–ˆâ–ˆâ–ˆâ–ˆâ–ˆâ–ˆâ–ˆâ–ˆâ–ˆâ–ˆâ–ˆâ–ˆâ–ˆâ–ˆâ–ˆâ–ˆâ–ˆâ–ˆâ–ˆâ–ˆâ–ˆâ–ˆâ–ˆâ–ˆâ–ˆâ–ˆâ–ˆâ–ˆâ–ˆâ–ˆâ–ˆâ–ˆâ–ˆâ–ˆâ–ˆâ–ˆâ–ˆâ–ˆâ–ˆâ–ˆâ–ˆâ–ˆâ–ˆâ–ˆâ–ˆâ–ˆâ–ˆâ–ˆâ–ˆâ–ˆâ–ˆâ–ˆâ–ˆâ–ˆâ–ˆâ–ˆâ–ˆâ–ˆâ–ˆâ–ˆâ–ˆâ–ˆâ–ˆâ–ˆâ–ˆâ–ˆâ–ˆâ–ˆâ–ˆâ–ˆâ–ˆâ–ˆâ–ˆâ–ˆâ–ˆâ–ˆâ–ˆâ–ˆ| 290M/290M [00:45<00:00, 6.72MB/s]

Fusing layers... 
Model Summary: 792 layers, 151687420 parameters, 817020 gradients
 Convert model to Traced-model... 
 traced_script_module saved! 
 model is traced! 

/home/a/.local/lib/python3.8/site-packages/torch/functional.py:478: UserWarning: torch.meshgrid: in an upcoming release, it will be required to pass the indexing argument. (Triggered internally at  ../aten/src/ATen/native/TensorShape.cpp:2895.)
  return _VF.meshgrid(tensors, **kwargs)  # type: ignore[attr-defined]
5 horses, Done. (6892.7ms) Inference, (4.6ms) NMS
 The image with the result is saved in: runs/detect/exp2/horses.jpg
Done. (9.141s)
a@ai03:~/yolov7$ 

nvidia driver install 
https://qiita.com/porizou1/items/74d8264d6381ee2941bd

miyakz@lily2:~$ sudo ubuntu-drivers devices
WARNING:root:_pkg_get_support nvidia-driver-390: package has invalid Support Legacyheader, cannot determine support level
== /sys/devices/pci0000:00/0000:00:03.1/0000:07:00.0 ==
modalias : pci:v000010DEd0000128Bsv000019DAsd00001422bc03sc00i00
vendor   : NVIDIA Corporation
model    : GK208B [GeForce GT 710]
driver   : nvidia-driver-418-server - distro non-free
driver   : nvidia-driver-470-server - distro non-free
driver   : nvidia-driver-390 - distro non-free
driver   : nvidia-driver-470 - distro non-free recommended
driver   : nvidia-driver-450-server - distro non-free
driver   : xserver-xorg-video-nouveau - distro free builtin

miyakz@lily2:~$ sudo apt-get install nvidia-driver-470-server
miyakz@lily2:~$ nvidia-smi

Tue Oct 25 13:53:14 2022       
+-----------------------------------------------------------------------------+
| NVIDIA-SMI 470.141.03   Driver Version: 470.141.03   CUDA Version: 11.4     |
|-------------------------------+----------------------+----------------------+
| GPU  Name        Persistence-M| Bus-Id        Disp.A | Volatile Uncorr. ECC |
| Fan  Temp  Perf  Pwr:Usage/Cap|         Memory-Usage | GPU-Util  Compute M. |
|                               |                      |               MIG M. |
|===============================+======================+======================|
|   0  NVIDIA GeForce ...  Off  | 00000000:07:00.0 N/A |                  N/A |
| 40%   33C    P8    N/A /  N/A |     13MiB /  2000MiB |     N/A      Default |
|                               |                      |                  N/A |
+-------------------------------+----------------------+----------------------+
                                                                               
+-----------------------------------------------------------------------------+
| Processes:                                                                  |
|  GPU   GI   CI        PID   Type   Process name                  GPU Memory |
|        ID   ID                                                   Usage      |
|=============================================================================|
|  No running processes found                                                 |
+-----------------------------------------------------------------------------+
miyakz@lily2:~$ 

$ wget https://developer.download.nvidia.com/compute/cuda/repos/ubuntu2004/x86_64/cuda-ubuntu2004.pin
$ sudo mv cuda-ubuntu2004.pin /etc/apt/preferences.d/cuda-repository-pin-600
$ sudo apt-key adv --fetch-keys https://developer.download.nvidia.com/compute/cuda/repos/ubuntu2004/x86_64/7fa2af80.pub
$ sudo add-apt-repository "deb https://developer.download.nvidia.com/compute/cuda/repos/ubuntu2004/x86_64/ /"
$ sudo apt-get update
$ sudo apt-get -y install cuda


https://qiita.com/hnw/items/daaf11412295366436b8
miyakz@lily2:~/gpu_cuda$ sudo apt-key list
/etc/apt/trusted.gpg
--------------------
pub   rsa2048 2018-04-01 [SCE] [expired: 2021-03-31]
      54A6 47F9 048D 5688 D7DA  2ABE 6A03 0B21 BA07 F4FB
uid           [ expired] Google Cloud Packages Automatic Signing Key <gc-team@google.com>

pub   rsa4096 2016-04-12 [SC]
      EB4C 1BFD 4F04 2F6D DDCC  EC91 7721 F63B D38B 4796
uid           [ unknown] Google Inc. (Linux Packages Signing Authority) <linux-packages-keymaster@google.com>

pub   rsa4096 2016-06-24 [SC]
      AE09 FE4B BD22 3A84 B2CC  FCE3 F60F 4B3D 7FA2 AF80
uid           [ unknown] cudatools <cudatools@nvidia.com>

/etc/apt/trusted.gpg.d/ubuntu-keyring-2012-archive.gpg
------------------------------------------------------
pub   rsa4096 2012-05-11 [SC]
      790B C727 7767 219C 42C8  6F93 3B4F E6AC C0B2 1F32
uid           [ unknown] Ubuntu Archive Automatic Signing Key (2012) <ftpmaster@ubuntu.com>

/etc/apt/trusted.gpg.d/ubuntu-keyring-2012-cdimage.gpg
------------------------------------------------------
pub   rsa4096 2012-05-11 [SC]
      8439 38DF 228D 22F7 B374  2BC0 D94A A3F0 EFE2 1092
uid           [ unknown] Ubuntu CD Image Automatic Signing Key (2012) <cdimage@ubuntu.com>

/etc/apt/trusted.gpg.d/ubuntu-keyring-2018-archive.gpg
------------------------------------------------------
pub   rsa4096 2018-09-17 [SC]
      F6EC B376 2474 EDA9 D21B  7022 8719 20D1 991B C93C
uid           [ unknown] Ubuntu Archive Automatic Signing Key (2018) <ftpmaster@ubuntu.com>

miyakz@lily2:~/gpu_cuda$ sudo apt-key del 7FA2AF80
OK
miyakz@lily2:~/gpu_cuda$ sudo apt-key list
/etc/apt/trusted.gpg
--------------------
pub   rsa2048 2018-04-01 [SCE] [expired: 2021-03-31]
      54A6 47F9 048D 5688 D7DA  2ABE 6A03 0B21 BA07 F4FB
uid           [ expired] Google Cloud Packages Automatic Signing Key <gc-team@google.com>

pub   rsa4096 2016-04-12 [SC]
      EB4C 1BFD 4F04 2F6D DDCC  EC91 7721 F63B D38B 4796
uid           [ unknown] Google Inc. (Linux Packages Signing Authority) <linux-packages-keymaster@google.com>

/etc/apt/trusted.gpg.d/ubuntu-keyring-2012-archive.gpg
------------------------------------------------------
pub   rsa4096 2012-05-11 [SC]
      790B C727 7767 219C 42C8  6F93 3B4F E6AC C0B2 1F32
uid           [ unknown] Ubuntu Archive Automatic Signing Key (2012) <ftpmaster@ubuntu.com>

/etc/apt/trusted.gpg.d/ubuntu-keyring-2012-cdimage.gpg
------------------------------------------------------
pub   rsa4096 2012-05-11 [SC]
      8439 38DF 228D 22F7 B374  2BC0 D94A A3F0 EFE2 1092
uid           [ unknown] Ubuntu CD Image Automatic Signing Key (2012) <cdimage@ubuntu.com>

/etc/apt/trusted.gpg.d/ubuntu-keyring-2018-archive.gpg
------------------------------------------------------
pub   rsa4096 2018-09-17 [SC]
      F6EC B376 2474 EDA9 D21B  7022 8719 20D1 991B C93C
uid           [ unknown] Ubuntu Archive Automatic Signing Key (2018) <ftpmaster@ubuntu.com>

miyakz@lily2:~/gpu_cuda$ 


https://hibiki-press.tech/dev-env/ubuntu/add-ppa/4640
miyakz@lily2:~/gpu_cuda$ sudo add-apt-repository --remove "deb https://developer.download.nvidia.com/compute/cuda/repos/ubuntu2004/x86_64/ /"
miyakz@lily2:~/gpu_cuda$ 

miyakz@lily2:~/gpu_cuda$ sudo apt-get update
Hit:1 http://jp.archive.ubuntu.com/ubuntu focal InRelease
Hit:2 http://jp.archive.ubuntu.com/ubuntu focal-updates InRelease
Hit:3 http://jp.archive.ubuntu.com/ubuntu focal-backports InRelease
Hit:4 http://jp.archive.ubuntu.com/ubuntu focal-security InRelease
Get:5 http://dl.google.com/linux/chrome/deb stable InRelease [1,811 B]
Err:5 http://dl.google.com/linux/chrome/deb stable InRelease           
  The following signatures couldn't be verified because the public key is not available: NO_PUBKEY 4EB27DB2A3B88B8B
Get:6 https://packages.cloud.google.com/apt kubernetes-xenial InRelease [9,383 B]
Err:6 https://packages.cloud.google.com/apt kubernetes-xenial InRelease
  The following signatures couldn't be verified because the public key is not available: NO_PUBKEY FEEA9169307EA071 NO_PUBKEY 8B57C5C2836F4BEB
Reading package lists... Done
W: An error occurred during the signature verification. The repository is not updated and the previous index files will be used. GPG error: http://dl.google.com/linux/chrome/deb stable InRelease: The following signatures couldn't be verified because the public key is not available: NO_PUBKEY 4EB27DB2A3B88B8B
W: An error occurred during the signature verification. The repository is not updated and the previous index files will be used. GPG error: https://packages.cloud.google.com/apt kubernetes-xenial InRelease: The following signatures couldn't be verified because the public key is not available: NO_PUBKEY FEEA9169307EA071 NO_PUBKEY 8B57C5C2836F4BEB
W: Failed to fetch http://dl.google.com/linux/chrome/deb/dists/stable/InRelease  The following signatures couldn't be verified because the public key is not available: NO_PUBKEY 4EB27DB2A3B88B8B
W: Failed to fetch https://apt.kubernetes.io/dists/kubernetes-xenial/InRelease  The following signatures couldn't be verified because the public key is not available: NO_PUBKEY FEEA9169307EA071 NO_PUBKEY 8B57C5C2836F4BEB
W: Some index files failed to download. They have been ignored, or old ones used instead.
miyakz@lily2:~/gpu_cuda$ 

ã‚€ãƒ¼ã€‚
ãƒ¬ãƒã‚¸ãƒˆãƒªãŒå£Šã‚Œã¦ã—ã¾ã£ãŸã€‚ã„ã¤ã€ä½•ãŒåŸå› ã§å£Šã‚ŒãŸã‹ã‚ã‹ã‚‰ãªã„ã‘ã©ã€ã¨ã«ã‹ãå¾©æ—§ã—ãŸã„ï¼



